smoke	Set up job	ï»¿2025-11-11T17:20:12.1604017Z Current runner version: '2.329.0'
smoke	Set up job	2025-11-11T17:20:12.1630296Z ##[group]Runner Image Provisioner
smoke	Set up job	2025-11-11T17:20:12.1631102Z Hosted Compute Agent
smoke	Set up job	2025-11-11T17:20:12.1631775Z Version: 20251016.436
smoke	Set up job	2025-11-11T17:20:12.1632565Z Commit: 8ab8ac8bfd662a3739dab9fe09456aba92132568
smoke	Set up job	2025-11-11T17:20:12.1633226Z Build Date: 2025-10-15T20:44:12Z
smoke	Set up job	2025-11-11T17:20:12.1633921Z ##[endgroup]
smoke	Set up job	2025-11-11T17:20:12.1634493Z ##[group]Operating System
smoke	Set up job	2025-11-11T17:20:12.1635010Z Ubuntu
smoke	Set up job	2025-11-11T17:20:12.1635540Z 24.04.3
smoke	Set up job	2025-11-11T17:20:12.1635966Z LTS
smoke	Set up job	2025-11-11T17:20:12.1636410Z ##[endgroup]
smoke	Set up job	2025-11-11T17:20:12.1637000Z ##[group]Runner Image
smoke	Set up job	2025-11-11T17:20:12.1637512Z Image: ubuntu-24.04
smoke	Set up job	2025-11-11T17:20:12.1638003Z Version: 20251102.99.1
smoke	Set up job	2025-11-11T17:20:12.1639088Z Included Software: https://github.com/actions/runner-images/blob/ubuntu24/20251102.99/images/ubuntu/Ubuntu2404-Readme.md
smoke	Set up job	2025-11-11T17:20:12.1640425Z Image Release: https://github.com/actions/runner-images/releases/tag/ubuntu24%2F20251102.99
smoke	Set up job	2025-11-11T17:20:12.1641642Z ##[endgroup]
smoke	Set up job	2025-11-11T17:20:12.1642851Z ##[group]GITHUB_TOKEN Permissions
smoke	Set up job	2025-11-11T17:20:12.1644706Z Contents: read
smoke	Set up job	2025-11-11T17:20:12.1645285Z Metadata: read
smoke	Set up job	2025-11-11T17:20:12.1645793Z Packages: read
smoke	Set up job	2025-11-11T17:20:12.1646412Z ##[endgroup]
smoke	Set up job	2025-11-11T17:20:12.1648802Z Secret source: Actions
smoke	Set up job	2025-11-11T17:20:12.1649729Z Prepare workflow directory
smoke	Set up job	2025-11-11T17:20:12.2084117Z Prepare all required actions
smoke	Set up job	2025-11-11T17:20:12.2128807Z Getting action download info
smoke	Set up job	2025-11-11T17:20:12.6028336Z Download action repository 'actions/checkout@v4' (SHA:08eba0b27e820071cde6df949e0beb9ba4906955)
smoke	Set up job	2025-11-11T17:20:12.6888064Z Download action repository 'pnpm/action-setup@v3' (SHA:a3252b78c470c02df07e9d59298aecedc3ccdd6d)
smoke	Set up job	2025-11-11T17:20:13.4192911Z Download action repository 'actions/setup-node@v4' (SHA:49933ea5288caeca8642d1e84afbd3f7d6820020)
smoke	Set up job	2025-11-11T17:20:13.6084406Z Complete job name: smoke
smoke	Run actions/checkout@v4	ï»¿2025-11-11T17:20:13.6878055Z ##[group]Run actions/checkout@v4
smoke	Run actions/checkout@v4	2025-11-11T17:20:13.6879412Z with:
smoke	Run actions/checkout@v4	2025-11-11T17:20:13.6880358Z   repository: Talchain/olumi-assistants-service
smoke	Run actions/checkout@v4	2025-11-11T17:20:13.6881793Z   token: ***
smoke	Run actions/checkout@v4	2025-11-11T17:20:13.6882738Z   ssh-strict: true
smoke	Run actions/checkout@v4	2025-11-11T17:20:13.6883554Z   ssh-user: git
smoke	Run actions/checkout@v4	2025-11-11T17:20:13.6884381Z   persist-credentials: true
smoke	Run actions/checkout@v4	2025-11-11T17:20:13.6885301Z   clean: true
smoke	Run actions/checkout@v4	2025-11-11T17:20:13.6886122Z   sparse-checkout-cone-mode: true
smoke	Run actions/checkout@v4	2025-11-11T17:20:13.6887111Z   fetch-depth: 1
smoke	Run actions/checkout@v4	2025-11-11T17:20:13.6887899Z   fetch-tags: false
smoke	Run actions/checkout@v4	2025-11-11T17:20:13.6888730Z   show-progress: true
smoke	Run actions/checkout@v4	2025-11-11T17:20:13.6889553Z   lfs: false
smoke	Run actions/checkout@v4	2025-11-11T17:20:13.6890312Z   submodules: false
smoke	Run actions/checkout@v4	2025-11-11T17:20:13.6891140Z   set-safe-directory: true
smoke	Run actions/checkout@v4	2025-11-11T17:20:13.6892290Z ##[endgroup]
smoke	Run actions/checkout@v4	2025-11-11T17:20:13.7981808Z Syncing repository: Talchain/olumi-assistants-service
smoke	Run actions/checkout@v4	2025-11-11T17:20:13.7984987Z ##[group]Getting Git version info
smoke	Run actions/checkout@v4	2025-11-11T17:20:13.7986755Z Working directory is '/home/runner/work/olumi-assistants-service/olumi-assistants-service'
smoke	Run actions/checkout@v4	2025-11-11T17:20:13.7989336Z [command]/usr/bin/git version
smoke	Run actions/checkout@v4	2025-11-11T17:20:13.8057967Z git version 2.51.2
smoke	Run actions/checkout@v4	2025-11-11T17:20:13.8085635Z ##[endgroup]
smoke	Run actions/checkout@v4	2025-11-11T17:20:13.8099378Z Temporarily overriding HOME='/home/runner/work/_temp/d11825a1-fe54-4b90-b23c-577040e358ee' before making global git config changes
smoke	Run actions/checkout@v4	2025-11-11T17:20:13.8103148Z Adding repository directory to the temporary git global config as a safe directory
smoke	Run actions/checkout@v4	2025-11-11T17:20:13.8107611Z [command]/usr/bin/git config --global --add safe.directory /home/runner/work/olumi-assistants-service/olumi-assistants-service
smoke	Run actions/checkout@v4	2025-11-11T17:20:13.8148942Z Deleting the contents of '/home/runner/work/olumi-assistants-service/olumi-assistants-service'
smoke	Run actions/checkout@v4	2025-11-11T17:20:13.8152173Z ##[group]Initializing the repository
smoke	Run actions/checkout@v4	2025-11-11T17:20:13.8156643Z [command]/usr/bin/git init /home/runner/work/olumi-assistants-service/olumi-assistants-service
smoke	Run actions/checkout@v4	2025-11-11T17:20:13.8263314Z hint: Using 'master' as the name for the initial branch. This default branch name
smoke	Run actions/checkout@v4	2025-11-11T17:20:13.8266565Z hint: is subject to change. To configure the initial branch name to use in all
smoke	Run actions/checkout@v4	2025-11-11T17:20:13.8268859Z hint: of your new repositories, which will suppress this warning, call:
smoke	Run actions/checkout@v4	2025-11-11T17:20:13.8270236Z hint:
smoke	Run actions/checkout@v4	2025-11-11T17:20:13.8271354Z hint: 	git config --global init.defaultBranch <name>
smoke	Run actions/checkout@v4	2025-11-11T17:20:13.8272967Z hint:
smoke	Run actions/checkout@v4	2025-11-11T17:20:13.8274073Z hint: Names commonly chosen instead of 'master' are 'main', 'trunk' and
smoke	Run actions/checkout@v4	2025-11-11T17:20:13.8275932Z hint: 'development'. The just-created branch can be renamed via this command:
smoke	Run actions/checkout@v4	2025-11-11T17:20:13.8277989Z hint:
smoke	Run actions/checkout@v4	2025-11-11T17:20:13.8278841Z hint: 	git branch -m <name>
smoke	Run actions/checkout@v4	2025-11-11T17:20:13.8279726Z hint:
smoke	Run actions/checkout@v4	2025-11-11T17:20:13.8280922Z hint: Disable this message with "git config set advice.defaultBranchName false"
smoke	Run actions/checkout@v4	2025-11-11T17:20:13.8283584Z Initialized empty Git repository in /home/runner/work/olumi-assistants-service/olumi-assistants-service/.git/
smoke	Run actions/checkout@v4	2025-11-11T17:20:13.8287303Z [command]/usr/bin/git remote add origin https://github.com/Talchain/olumi-assistants-service
smoke	Run actions/checkout@v4	2025-11-11T17:20:13.8313288Z ##[endgroup]
smoke	Run actions/checkout@v4	2025-11-11T17:20:13.8314761Z ##[group]Disabling automatic garbage collection
smoke	Run actions/checkout@v4	2025-11-11T17:20:13.8316791Z [command]/usr/bin/git config --local gc.auto 0
smoke	Run actions/checkout@v4	2025-11-11T17:20:13.8348479Z ##[endgroup]
smoke	Run actions/checkout@v4	2025-11-11T17:20:13.8350886Z ##[group]Setting up auth
smoke	Run actions/checkout@v4	2025-11-11T17:20:13.8356148Z [command]/usr/bin/git config --local --name-only --get-regexp core\.sshCommand
smoke	Run actions/checkout@v4	2025-11-11T17:20:13.8388980Z [command]/usr/bin/git submodule foreach --recursive sh -c "git config --local --name-only --get-regexp 'core\.sshCommand' && git config --local --unset-all 'core.sshCommand' || :"
smoke	Run actions/checkout@v4	2025-11-11T17:20:13.8710456Z [command]/usr/bin/git config --local --name-only --get-regexp http\.https\:\/\/github\.com\/\.extraheader
smoke	Run actions/checkout@v4	2025-11-11T17:20:13.8739517Z [command]/usr/bin/git submodule foreach --recursive sh -c "git config --local --name-only --get-regexp 'http\.https\:\/\/github\.com\/\.extraheader' && git config --local --unset-all 'http.https://github.com/.extraheader' || :"
smoke	Run actions/checkout@v4	2025-11-11T17:20:13.8958896Z [command]/usr/bin/git config --local http.https://github.com/.extraheader AUTHORIZATION: basic ***
smoke	Run actions/checkout@v4	2025-11-11T17:20:13.8992537Z ##[endgroup]
smoke	Run actions/checkout@v4	2025-11-11T17:20:13.8994006Z ##[group]Fetching the repository
smoke	Run actions/checkout@v4	2025-11-11T17:20:13.9009283Z [command]/usr/bin/git -c protocol.version=2 fetch --no-tags --prune --no-recurse-submodules --depth=1 origin +66838f810aab4f555af232cdd37aaf62dd569343:refs/remotes/origin/main
smoke	Run actions/checkout@v4	2025-11-11T17:20:15.5739565Z From https://github.com/Talchain/olumi-assistants-service
smoke	Run actions/checkout@v4	2025-11-11T17:20:15.5741328Z  * [new ref]         66838f810aab4f555af232cdd37aaf62dd569343 -> origin/main
smoke	Run actions/checkout@v4	2025-11-11T17:20:15.5771205Z ##[endgroup]
smoke	Run actions/checkout@v4	2025-11-11T17:20:15.5772054Z ##[group]Determining the checkout info
smoke	Run actions/checkout@v4	2025-11-11T17:20:15.5774141Z ##[endgroup]
smoke	Run actions/checkout@v4	2025-11-11T17:20:15.5779443Z [command]/usr/bin/git sparse-checkout disable
smoke	Run actions/checkout@v4	2025-11-11T17:20:15.5819187Z [command]/usr/bin/git config --local --unset-all extensions.worktreeConfig
smoke	Run actions/checkout@v4	2025-11-11T17:20:15.5846992Z ##[group]Checking out the ref
smoke	Run actions/checkout@v4	2025-11-11T17:20:15.5851417Z [command]/usr/bin/git checkout --progress --force -B main refs/remotes/origin/main
smoke	Run actions/checkout@v4	2025-11-11T17:20:16.3359829Z Switched to a new branch 'main'
smoke	Run actions/checkout@v4	2025-11-11T17:20:16.3360555Z branch 'main' set up to track 'origin/main'.
smoke	Run actions/checkout@v4	2025-11-11T17:20:16.3396012Z ##[endgroup]
smoke	Run actions/checkout@v4	2025-11-11T17:20:16.3442788Z [command]/usr/bin/git log -1 --format=%H
smoke	Run actions/checkout@v4	2025-11-11T17:20:16.3464296Z 66838f810aab4f555af232cdd37aaf62dd569343
smoke	Run pnpm/action-setup@v3	ï»¿2025-11-11T17:20:16.3657696Z ##[group]Run pnpm/action-setup@v3
smoke	Run pnpm/action-setup@v3	2025-11-11T17:20:16.3658017Z with:
smoke	Run pnpm/action-setup@v3	2025-11-11T17:20:16.3658194Z   version: 9
smoke	Run pnpm/action-setup@v3	2025-11-11T17:20:16.3658383Z   dest: ~/setup-pnpm
smoke	Run pnpm/action-setup@v3	2025-11-11T17:20:16.3658596Z   run_install: null
smoke	Run pnpm/action-setup@v3	2025-11-11T17:20:16.3658815Z   package_json_file: package.json
smoke	Run pnpm/action-setup@v3	2025-11-11T17:20:16.3659048Z   standalone: false
smoke	Run pnpm/action-setup@v3	2025-11-11T17:20:16.3659234Z ##[endgroup]
smoke	Run pnpm/action-setup@v3	2025-11-11T17:20:16.4504076Z ##[group]Running self-installer...
smoke	Run pnpm/action-setup@v3	2025-11-11T17:20:17.1429090Z Progress: resolved 1, reused 0, downloaded 0, added 0
smoke	Run pnpm/action-setup@v3	2025-11-11T17:20:17.1623539Z Packages: +1
smoke	Run pnpm/action-setup@v3	2025-11-11T17:20:17.1624491Z +
smoke	Run pnpm/action-setup@v3	2025-11-11T17:20:17.7186246Z Progress: resolved 1, reused 0, downloaded 1, added 1, done
smoke	Run pnpm/action-setup@v3	2025-11-11T17:20:17.7502029Z 
smoke	Run pnpm/action-setup@v3	2025-11-11T17:20:17.7502593Z dependencies:
smoke	Run pnpm/action-setup@v3	2025-11-11T17:20:17.7503029Z + pnpm 9.15.9 (10.21.0 is available)
smoke	Run pnpm/action-setup@v3	2025-11-11T17:20:17.7503336Z 
smoke	Run pnpm/action-setup@v3	2025-11-11T17:20:17.7533188Z Done in 1.1s
smoke	Run pnpm/action-setup@v3	2025-11-11T17:20:17.7700404Z ##[endgroup]
smoke	Run pnpm/action-setup@v3	2025-11-11T17:20:17.7706561Z Installation Completed!
smoke	Use Node 18	ï»¿2025-11-11T17:20:17.7854292Z ##[group]Run actions/setup-node@v4
smoke	Use Node 18	2025-11-11T17:20:17.7854573Z with:
smoke	Use Node 18	2025-11-11T17:20:17.7854760Z   node-version: 18
smoke	Use Node 18	2025-11-11T17:20:17.7854960Z   always-auth: false
smoke	Use Node 18	2025-11-11T17:20:17.7855156Z   check-latest: false
smoke	Use Node 18	2025-11-11T17:20:17.7855528Z   token: ***
smoke	Use Node 18	2025-11-11T17:20:17.7855715Z env:
smoke	Use Node 18	2025-11-11T17:20:17.7855947Z   PNPM_HOME: /home/runner/setup-pnpm/node_modules/.bin
smoke	Use Node 18	2025-11-11T17:20:17.7856239Z ##[endgroup]
smoke	Use Node 18	2025-11-11T17:20:17.9691918Z Attempting to download 18...
smoke	Use Node 18	2025-11-11T17:20:18.7142823Z Acquiring 18.20.8 - x64 from https://github.com/actions/node-versions/releases/download/18.20.8-14110393767/node-18.20.8-linux-x64.tar.gz
smoke	Use Node 18	2025-11-11T17:20:19.3572715Z Extracting ...
smoke	Use Node 18	2025-11-11T17:20:19.3683676Z [command]/usr/bin/tar xz --strip 1 --warning=no-unknown-keyword --overwrite -C /home/runner/work/_temp/09277d74-4138-4302-b032-784bf112b3ab -f /home/runner/work/_temp/0b21b35e-7003-474a-bf18-d28ce1204414
smoke	Use Node 18	2025-11-11T17:20:20.3583480Z Adding to the cache ...
smoke	Use Node 18	2025-11-11T17:20:22.0358392Z ##[group]Environment details
smoke	Use Node 18	2025-11-11T17:20:22.2776873Z node: v18.20.8
smoke	Use Node 18	2025-11-11T17:20:22.2777205Z npm: 10.8.2
smoke	Use Node 18	2025-11-11T17:20:22.2777397Z yarn: 1.22.22
smoke	Use Node 18	2025-11-11T17:20:22.2778527Z ##[endgroup]
smoke	Run pnpm install --frozen-lockfile	ï»¿2025-11-11T17:20:22.2991520Z ##[group]Run pnpm install --frozen-lockfile
smoke	Run pnpm install --frozen-lockfile	2025-11-11T17:20:22.2991920Z [36;1mpnpm install --frozen-lockfile[0m
smoke	Run pnpm install --frozen-lockfile	2025-11-11T17:20:22.3029773Z shell: /usr/bin/bash -e {0}
smoke	Run pnpm install --frozen-lockfile	2025-11-11T17:20:22.3030031Z env:
smoke	Run pnpm install --frozen-lockfile	2025-11-11T17:20:22.3030268Z   PNPM_HOME: /home/runner/setup-pnpm/node_modules/.bin
smoke	Run pnpm install --frozen-lockfile	2025-11-11T17:20:22.3030563Z ##[endgroup]
smoke	Run pnpm install --frozen-lockfile	2025-11-11T17:20:22.7988417Z Recreating /home/runner/work/olumi-assistants-service/olumi-assistants-service/node_modules
smoke	Run pnpm install --frozen-lockfile	2025-11-11T17:20:23.0635463Z Lockfile is up to date, resolution step is skipped
smoke	Run pnpm install --frozen-lockfile	2025-11-11T17:20:23.1466533Z Progress: resolved 1, reused 0, downloaded 0, added 0
smoke	Run pnpm install --frozen-lockfile	2025-11-11T17:20:23.3078786Z Packages: +879
smoke	Run pnpm install --frozen-lockfile	2025-11-11T17:20:23.3081564Z ++++++++++++++++++++++++++++++++++++++++++++++++++++++++++++++++++++++++++++++++
smoke	Run pnpm install --frozen-lockfile	2025-11-11T17:20:24.1484214Z Progress: resolved 879, reused 0, downloaded 83, added 83
smoke	Run pnpm install --frozen-lockfile	2025-11-11T17:20:25.1479895Z Progress: resolved 879, reused 0, downloaded 285, added 287
smoke	Run pnpm install --frozen-lockfile	2025-11-11T17:20:26.1484335Z Progress: resolved 879, reused 0, downloaded 441, added 434
smoke	Run pnpm install --frozen-lockfile	2025-11-11T17:20:27.1479727Z Progress: resolved 879, reused 0, downloaded 572, added 575
smoke	Run pnpm install --frozen-lockfile	2025-11-11T17:20:28.1476963Z Progress: resolved 879, reused 0, downloaded 724, added 727
smoke	Run pnpm install --frozen-lockfile	2025-11-11T17:20:29.0872706Z Progress: resolved 879, reused 0, downloaded 876, added 879, done
smoke	Run pnpm install --frozen-lockfile	2025-11-11T17:20:29.3937996Z .../node_modules/protobufjs postinstall$ node scripts/postinstall
smoke	Run pnpm install --frozen-lockfile	2025-11-11T17:20:29.3944461Z .../node_modules/unix-dgram install$ node-gyp rebuild
smoke	Run pnpm install --frozen-lockfile	2025-11-11T17:20:29.4150858Z .../@playwright/browser-chromium install$ node install.js
smoke	Run pnpm install --frozen-lockfile	2025-11-11T17:20:29.4264267Z .../esbuild@0.21.5/node_modules/esbuild postinstall$ node install.js
smoke	Run pnpm install --frozen-lockfile	2025-11-11T17:20:29.4265781Z .../esbuild@0.25.11/node_modules/esbuild postinstall$ node install.js
smoke	Run pnpm install --frozen-lockfile	2025-11-11T17:20:29.4490499Z .../node_modules/protobufjs postinstall: Done
smoke	Run pnpm install --frozen-lockfile	2025-11-11T17:20:29.4805398Z .../node_modules/unix-dgram install: gyp info it worked if it ends with ok
smoke	Run pnpm install --frozen-lockfile	2025-11-11T17:20:29.4852723Z .../node_modules/unix-dgram install: gyp info using node-gyp@10.3.1
smoke	Run pnpm install --frozen-lockfile	2025-11-11T17:20:29.4856804Z .../node_modules/unix-dgram install: gyp info using node@18.20.8 | linux | x64
smoke	Run pnpm install --frozen-lockfile	2025-11-11T17:20:29.5190831Z .../esbuild@0.21.5/node_modules/esbuild postinstall: Done
smoke	Run pnpm install --frozen-lockfile	2025-11-11T17:20:29.5431943Z .../esbuild@0.25.11/node_modules/esbuild postinstall: Done
smoke	Run pnpm install --frozen-lockfile	2025-11-11T17:20:29.5733779Z .../node_modules/unix-dgram install: gyp info find Python using Python version 3.12.3 found at "/usr/bin/python3"
smoke	Run pnpm install --frozen-lockfile	2025-11-11T17:20:29.6941021Z .../node_modules/unix-dgram install: gyp http GET https://nodejs.org/download/release/v18.20.8/node-v18.20.8-headers.tar.gz
smoke	Run pnpm install --frozen-lockfile	2025-11-11T17:20:29.7821923Z .../@playwright/browser-chromium install: Downloading Chromium 140.0.7339.16 (playwright build v1187) from https://cdn.playwright.dev/dbazure/download/playwright/builds/chromium/1187/chromium-linux.zip
smoke	Run pnpm install --frozen-lockfile	2025-11-11T17:20:29.9777463Z .../node_modules/unix-dgram install: gyp http 200 https://nodejs.org/download/release/v18.20.8/node-v18.20.8-headers.tar.gz
smoke	Run pnpm install --frozen-lockfile	2025-11-11T17:20:30.0145085Z .../@playwright/browser-chromium install: |                                                                                |   0% of 173.7 MiB
smoke	Run pnpm install --frozen-lockfile	2025-11-11T17:20:30.3052829Z .../@playwright/browser-chromium install: |â– â– â– â– â– â– â– â–                                                                         |  10% of 173.7 MiB
smoke	Run pnpm install --frozen-lockfile	2025-11-11T17:20:30.4772292Z .../@playwright/browser-chromium install: |â– â– â– â– â– â– â– â– â– â– â– â– â– â– â– â–                                                                 |  20% of 173.7 MiB
smoke	Run pnpm install --frozen-lockfile	2025-11-11T17:20:30.6276569Z .../@playwright/browser-chromium install: |â– â– â– â– â– â– â– â– â– â– â– â– â– â– â– â– â– â– â– â– â– â– â– â–                                                         |  30% of 173.7 MiB
smoke	Run pnpm install --frozen-lockfile	2025-11-11T17:20:30.7639954Z .../@playwright/browser-chromium install: |â– â– â– â– â– â– â– â– â– â– â– â– â– â– â– â– â– â– â– â– â– â– â– â– â– â– â– â– â– â– â– â–                                                 |  40% of 173.7 MiB
smoke	Run pnpm install --frozen-lockfile	2025-11-11T17:20:30.9147327Z .../@playwright/browser-chromium install: |â– â– â– â– â– â– â– â– â– â– â– â– â– â– â– â– â– â– â– â– â– â– â– â– â– â– â– â– â– â– â– â– â– â– â– â– â– â– â– â–                                         |  50% of 173.7 MiB
smoke	Run pnpm install --frozen-lockfile	2025-11-11T17:20:31.0703058Z .../@playwright/browser-chromium install: |â– â– â– â– â– â– â– â– â– â– â– â– â– â– â– â– â– â– â– â– â– â– â– â– â– â– â– â– â– â– â– â– â– â– â– â– â– â– â– â– â– â– â– â– â– â– â– â–                                 |  60% of 173.7 MiB
smoke	Run pnpm install --frozen-lockfile	2025-11-11T17:20:31.2341787Z .../@playwright/browser-chromium install: |â– â– â– â– â– â– â– â– â– â– â– â– â– â– â– â– â– â– â– â– â– â– â– â– â– â– â– â– â– â– â– â– â– â– â– â– â– â– â– â– â– â– â– â– â– â– â– â– â– â– â– â– â– â– â– â–                         |  70% of 173.7 MiB
smoke	Run pnpm install --frozen-lockfile	2025-11-11T17:20:31.3816429Z .../@playwright/browser-chromium install: |â– â– â– â– â– â– â– â– â– â– â– â– â– â– â– â– â– â– â– â– â– â– â– â– â– â– â– â– â– â– â– â– â– â– â– â– â– â– â– â– â– â– â– â– â– â– â– â– â– â– â– â– â– â– â– â– â– â– â– â– â– â– â– â–                 |  80% of 173.7 MiB
smoke	Run pnpm install --frozen-lockfile	2025-11-11T17:20:31.5255680Z .../@playwright/browser-chromium install: |â– â– â– â– â– â– â– â– â– â– â– â– â– â– â– â– â– â– â– â– â– â– â– â– â– â– â– â– â– â– â– â– â– â– â– â– â– â– â– â– â– â– â– â– â– â– â– â– â– â– â– â– â– â– â– â– â– â– â– â– â– â– â– â– â– â– â– â– â– â– â– â–         |  90% of 173.7 MiB
smoke	Run pnpm install --frozen-lockfile	2025-11-11T17:20:31.6710086Z .../@playwright/browser-chromium install: |â– â– â– â– â– â– â– â– â– â– â– â– â– â– â– â– â– â– â– â– â– â– â– â– â– â– â– â– â– â– â– â– â– â– â– â– â– â– â– â– â– â– â– â– â– â– â– â– â– â– â– â– â– â– â– â– â– â– â– â– â– â– â– â– â– â– â– â– â– â– â– â– â– â– â– â– â– â– â– â– | 100% of 173.7 MiB
smoke	Run pnpm install --frozen-lockfile	2025-11-11T17:20:31.7333989Z .../node_modules/unix-dgram install: gyp http GET https://nodejs.org/download/release/v18.20.8/SHASUMS256.txt
smoke	Run pnpm install --frozen-lockfile	2025-11-11T17:20:31.8333031Z .../node_modules/unix-dgram install: gyp http 200 https://nodejs.org/download/release/v18.20.8/SHASUMS256.txt
smoke	Run pnpm install --frozen-lockfile	2025-11-11T17:20:31.8926975Z .../node_modules/unix-dgram install: gyp info spawn /usr/bin/python3
smoke	Run pnpm install --frozen-lockfile	2025-11-11T17:20:31.8954289Z .../node_modules/unix-dgram install: gyp info spawn args [
smoke	Run pnpm install --frozen-lockfile	2025-11-11T17:20:31.8956516Z .../node_modules/unix-dgram install: gyp info spawn args '/home/runner/setup-pnpm/node_modules/.pnpm/pnpm@9.15.9/node_modules/pnpm/dist/node_modules/node-gyp/gyp/gyp_main.py',
smoke	Run pnpm install --frozen-lockfile	2025-11-11T17:20:31.8958449Z .../node_modules/unix-dgram install: gyp info spawn args 'binding.gyp',
smoke	Run pnpm install --frozen-lockfile	2025-11-11T17:20:31.8959540Z .../node_modules/unix-dgram install: gyp info spawn args '-f',
smoke	Run pnpm install --frozen-lockfile	2025-11-11T17:20:31.8960645Z .../node_modules/unix-dgram install: gyp info spawn args 'make',
smoke	Run pnpm install --frozen-lockfile	2025-11-11T17:20:31.8961760Z .../node_modules/unix-dgram install: gyp info spawn args '-I',
smoke	Run pnpm install --frozen-lockfile	2025-11-11T17:20:31.8968985Z .../node_modules/unix-dgram install: gyp info spawn args '/home/runner/work/olumi-assistants-service/olumi-assistants-service/node_modules/.pnpm/unix-dgram@2.0.7/node_modules/unix-dgram/build/config.gypi',
smoke	Run pnpm install --frozen-lockfile	2025-11-11T17:20:31.8975090Z .../node_modules/unix-dgram install: gyp info spawn args '-I',
smoke	Run pnpm install --frozen-lockfile	2025-11-11T17:20:31.8978374Z .../node_modules/unix-dgram install: gyp info spawn args '/home/runner/setup-pnpm/node_modules/.pnpm/pnpm@9.15.9/node_modules/pnpm/dist/node_modules/node-gyp/addon.gypi',
smoke	Run pnpm install --frozen-lockfile	2025-11-11T17:20:31.8985345Z .../node_modules/unix-dgram install: gyp info spawn args '-I',
smoke	Run pnpm install --frozen-lockfile	2025-11-11T17:20:31.8987106Z .../node_modules/unix-dgram install: gyp info spawn args '/home/runner/.cache/node-gyp/18.20.8/include/node/common.gypi',
smoke	Run pnpm install --frozen-lockfile	2025-11-11T17:20:31.8988491Z .../node_modules/unix-dgram install: gyp info spawn args '-Dlibrary=shared_library',
smoke	Run pnpm install --frozen-lockfile	2025-11-11T17:20:31.8989627Z .../node_modules/unix-dgram install: gyp info spawn args '-Dvisibility=default',
smoke	Run pnpm install --frozen-lockfile	2025-11-11T17:20:31.8990915Z .../node_modules/unix-dgram install: gyp info spawn args '-Dnode_root_dir=/home/runner/.cache/node-gyp/18.20.8',
smoke	Run pnpm install --frozen-lockfile	2025-11-11T17:20:31.8993020Z .../node_modules/unix-dgram install: gyp info spawn args '-Dnode_gyp_dir=/home/runner/setup-pnpm/node_modules/.pnpm/pnpm@9.15.9/node_modules/pnpm/dist/node_modules/node-gyp',
smoke	Run pnpm install --frozen-lockfile	2025-11-11T17:20:31.8995130Z .../node_modules/unix-dgram install: gyp info spawn args '-Dnode_lib_file=/home/runner/.cache/node-gyp/18.20.8/<(target_arch)/node.lib',
smoke	Run pnpm install --frozen-lockfile	2025-11-11T17:20:31.8997656Z .../node_modules/unix-dgram install: gyp info spawn args '-Dmodule_root_dir=/home/runner/work/olumi-assistants-service/olumi-assistants-service/node_modules/.pnpm/unix-dgram@2.0.7/node_modules/unix-dgram',
smoke	Run pnpm install --frozen-lockfile	2025-11-11T17:20:31.8999471Z .../node_modules/unix-dgram install: gyp info spawn args '-Dnode_engine=v8',
smoke	Run pnpm install --frozen-lockfile	2025-11-11T17:20:31.9000434Z .../node_modules/unix-dgram install: gyp info spawn args '--depth=.',
smoke	Run pnpm install --frozen-lockfile	2025-11-11T17:20:31.9001369Z .../node_modules/unix-dgram install: gyp info spawn args '--no-parallel',
smoke	Run pnpm install --frozen-lockfile	2025-11-11T17:20:31.9002345Z .../node_modules/unix-dgram install: gyp info spawn args '--generator-output',
smoke	Run pnpm install --frozen-lockfile	2025-11-11T17:20:31.9003594Z .../node_modules/unix-dgram install: gyp info spawn args 'build',
smoke	Run pnpm install --frozen-lockfile	2025-11-11T17:20:31.9004850Z .../node_modules/unix-dgram install: gyp info spawn args '-Goutput_dir=.'
smoke	Run pnpm install --frozen-lockfile	2025-11-11T17:20:31.9005728Z .../node_modules/unix-dgram install: gyp info spawn args ]
smoke	Run pnpm install --frozen-lockfile	2025-11-11T17:20:32.1106590Z .../node_modules/unix-dgram install: gyp info spawn make
smoke	Run pnpm install --frozen-lockfile	2025-11-11T17:20:32.1108054Z .../node_modules/unix-dgram install: gyp info spawn args [ 'BUILDTYPE=Release', '-C', 'build' ]
smoke	Run pnpm install --frozen-lockfile	2025-11-11T17:20:32.1126432Z .../node_modules/unix-dgram install: make: Entering directory '/home/runner/work/olumi-assistants-service/olumi-assistants-service/node_modules/.pnpm/unix-dgram@2.0.7/node_modules/unix-dgram/build'
smoke	Run pnpm install --frozen-lockfile	2025-11-11T17:20:32.1195060Z .../node_modules/unix-dgram install:   CXX(target) Release/obj.target/unix_dgram/src/unix_dgram.o
smoke	Run pnpm install --frozen-lockfile	2025-11-11T17:20:34.2974444Z .../node_modules/unix-dgram install: In file included from ../../../../nan@2.23.0/node_modules/nan/nan.h:62,
smoke	Run pnpm install --frozen-lockfile	2025-11-11T17:20:34.2975711Z .../node_modules/unix-dgram install:                  from ../src/unix_dgram.cc:5:
smoke	Run pnpm install --frozen-lockfile	2025-11-11T17:20:34.2979752Z .../node_modules/unix-dgram install: /home/runner/.cache/node-gyp/18.20.8/include/node/node.h:1014:7: warning: cast between incompatible function types from â€˜void (*)(v8::Local<v8::Object>)â€™ to â€˜node::addon_register_funcâ€™ {aka â€˜void (*)(v8::Local<v8::Object>, v8::Local<v8::Value>, void*)â€™} [-Wcast-function-type]
smoke	Run pnpm install --frozen-lockfile	2025-11-11T17:20:34.2982240Z .../node_modules/unix-dgram install:  1014 |       (node::addon_register_func) (regfunc),                          \
smoke	Run pnpm install --frozen-lockfile	2025-11-11T17:20:34.2983649Z .../node_modules/unix-dgram install:       |       ^~~~~~~~~~~~~~~~~~~~~~~~~~~~~~~~~~~~~
smoke	Run pnpm install --frozen-lockfile	2025-11-11T17:20:34.2985420Z .../node_modules/unix-dgram install: /home/runner/.cache/node-gyp/18.20.8/include/node/node.h:1048:3: note: in expansion of macro â€˜NODE_MODULE_Xâ€™
smoke	Run pnpm install --frozen-lockfile	2025-11-11T17:20:34.2987097Z .../node_modules/unix-dgram install:  1048 |   NODE_MODULE_X(modname, regfunc, NULL, 0)  // NOLINT (readability/null_usage)
smoke	Run pnpm install --frozen-lockfile	2025-11-11T17:20:34.2988197Z .../node_modules/unix-dgram install:       |   ^~~~~~~~~~~~~
smoke	Run pnpm install --frozen-lockfile	2025-11-11T17:20:34.2989516Z .../node_modules/unix-dgram install: ../src/unix_dgram.cc:404:1: note: in expansion of macro â€˜NODE_MODULEâ€™
smoke	Run pnpm install --frozen-lockfile	2025-11-11T17:20:34.2990646Z .../node_modules/unix-dgram install:   404 | NODE_MODULE(unix_dgram, Initialize)
smoke	Run pnpm install --frozen-lockfile	2025-11-11T17:20:34.2991505Z .../node_modules/unix-dgram install:       | ^~~~~~~~~~~
smoke	Run pnpm install --frozen-lockfile	2025-11-11T17:20:35.2115739Z .../node_modules/unix-dgram install:   SOLINK_MODULE(target) Release/obj.target/unix_dgram.node
smoke	Run pnpm install --frozen-lockfile	2025-11-11T17:20:35.2915680Z .../node_modules/unix-dgram install:   COPY Release/unix_dgram.node
smoke	Run pnpm install --frozen-lockfile	2025-11-11T17:20:35.2974795Z .../node_modules/unix-dgram install: make: Leaving directory '/home/runner/work/olumi-assistants-service/olumi-assistants-service/node_modules/.pnpm/unix-dgram@2.0.7/node_modules/unix-dgram/build'
smoke	Run pnpm install --frozen-lockfile	2025-11-11T17:20:35.2989873Z .../node_modules/unix-dgram install: gyp info ok 
smoke	Run pnpm install --frozen-lockfile	2025-11-11T17:20:35.3143628Z .../node_modules/unix-dgram install: Done
smoke	Run pnpm install --frozen-lockfile	2025-11-11T17:20:36.4285939Z .../@playwright/browser-chromium install: Chromium 140.0.7339.16 (playwright build v1187) downloaded to /home/runner/.cache/ms-playwright/chromium-1187
smoke	Run pnpm install --frozen-lockfile	2025-11-11T17:20:36.4288715Z .../@playwright/browser-chromium install: Downloading Chromium Headless Shell 140.0.7339.16 (playwright build v1187) from https://cdn.playwright.dev/dbazure/download/playwright/builds/chromium/1187/chromium-headless-shell-linux.zip
smoke	Run pnpm install --frozen-lockfile	2025-11-11T17:20:36.6350488Z .../@playwright/browser-chromium install: |                                                                                |   0% of 104.3 MiB
smoke	Run pnpm install --frozen-lockfile	2025-11-11T17:20:36.8223959Z .../@playwright/browser-chromium install: |â– â– â– â– â– â– â– â–                                                                         |  10% of 104.3 MiB
smoke	Run pnpm install --frozen-lockfile	2025-11-11T17:20:36.9066816Z .../@playwright/browser-chromium install: |â– â– â– â– â– â– â– â– â– â– â– â– â– â– â– â–                                                                 |  20% of 104.3 MiB
smoke	Run pnpm install --frozen-lockfile	2025-11-11T17:20:36.9818564Z .../@playwright/browser-chromium install: |â– â– â– â– â– â– â– â– â– â– â– â– â– â– â– â– â– â– â– â– â– â– â– â–                                                         |  30% of 104.3 MiB
smoke	Run pnpm install --frozen-lockfile	2025-11-11T17:20:37.0640298Z .../@playwright/browser-chromium install: |â– â– â– â– â– â– â– â– â– â– â– â– â– â– â– â– â– â– â– â– â– â– â– â– â– â– â– â– â– â– â– â–                                                 |  40% of 104.3 MiB
smoke	Run pnpm install --frozen-lockfile	2025-11-11T17:20:37.1330393Z .../@playwright/browser-chromium install: |â– â– â– â– â– â– â– â– â– â– â– â– â– â– â– â– â– â– â– â– â– â– â– â– â– â– â– â– â– â– â– â– â– â– â– â– â– â– â– â–                                         |  50% of 104.3 MiB
smoke	Run pnpm install --frozen-lockfile	2025-11-11T17:20:37.2065170Z .../@playwright/browser-chromium install: |â– â– â– â– â– â– â– â– â– â– â– â– â– â– â– â– â– â– â– â– â– â– â– â– â– â– â– â– â– â– â– â– â– â– â– â– â– â– â– â– â– â– â– â– â– â– â– â–                                 |  60% of 104.3 MiB
smoke	Run pnpm install --frozen-lockfile	2025-11-11T17:20:37.2725587Z .../@playwright/browser-chromium install: |â– â– â– â– â– â– â– â– â– â– â– â– â– â– â– â– â– â– â– â– â– â– â– â– â– â– â– â– â– â– â– â– â– â– â– â– â– â– â– â– â– â– â– â– â– â– â– â– â– â– â– â– â– â– â– â–                         |  70% of 104.3 MiB
smoke	Run pnpm install --frozen-lockfile	2025-11-11T17:20:37.3370747Z .../@playwright/browser-chromium install: |â– â– â– â– â– â– â– â– â– â– â– â– â– â– â– â– â– â– â– â– â– â– â– â– â– â– â– â– â– â– â– â– â– â– â– â– â– â– â– â– â– â– â– â– â– â– â– â– â– â– â– â– â– â– â– â– â– â– â– â– â– â– â– â–                 |  80% of 104.3 MiB
smoke	Run pnpm install --frozen-lockfile	2025-11-11T17:20:37.3978684Z .../@playwright/browser-chromium install: |â– â– â– â– â– â– â– â– â– â– â– â– â– â– â– â– â– â– â– â– â– â– â– â– â– â– â– â– â– â– â– â– â– â– â– â– â– â– â– â– â– â– â– â– â– â– â– â– â– â– â– â– â– â– â– â– â– â– â– â– â– â– â– â– â– â– â– â– â– â– â– â–         |  90% of 104.3 MiB
smoke	Run pnpm install --frozen-lockfile	2025-11-11T17:20:37.4573397Z .../@playwright/browser-chromium install: |â– â– â– â– â– â– â– â– â– â– â– â– â– â– â– â– â– â– â– â– â– â– â– â– â– â– â– â– â– â– â– â– â– â– â– â– â– â– â– â– â– â– â– â– â– â– â– â– â– â– â– â– â– â– â– â– â– â– â– â– â– â– â– â– â– â– â– â– â– â– â– â– â– â– â– â– â– â– â– â– | 100% of 104.3 MiB
smoke	Run pnpm install --frozen-lockfile	2025-11-11T17:20:39.7521322Z .../@playwright/browser-chromium install: Chromium Headless Shell 140.0.7339.16 (playwright build v1187) downloaded to /home/runner/.cache/ms-playwright/chromium_headless_shell-1187
smoke	Run pnpm install --frozen-lockfile	2025-11-11T17:20:39.7524436Z .../@playwright/browser-chromium install: Downloading FFMPEG playwright build v1011 from https://cdn.playwright.dev/dbazure/download/playwright/builds/ffmpeg/1011/ffmpeg-linux.zip
smoke	Run pnpm install --frozen-lockfile	2025-11-11T17:20:39.9576474Z .../@playwright/browser-chromium install: |                                                                                |   0% of 2.3 MiB
smoke	Run pnpm install --frozen-lockfile	2025-11-11T17:20:39.9962709Z .../@playwright/browser-chromium install: |â– â– â– â– â– â– â– â–                                                                         |  10% of 2.3 MiB
smoke	Run pnpm install --frozen-lockfile	2025-11-11T17:20:40.0141223Z .../@playwright/browser-chromium install: |â– â– â– â– â– â– â– â– â– â– â– â– â– â– â– â–                                                                 |  20% of 2.3 MiB
smoke	Run pnpm install --frozen-lockfile	2025-11-11T17:20:40.0264599Z .../@playwright/browser-chromium install: |â– â– â– â– â– â– â– â– â– â– â– â– â– â– â– â– â– â– â– â– â– â– â– â–                                                         |  30% of 2.3 MiB
smoke	Run pnpm install --frozen-lockfile	2025-11-11T17:20:40.0337401Z .../@playwright/browser-chromium install: |â– â– â– â– â– â– â– â– â– â– â– â– â– â– â– â– â– â– â– â– â– â– â– â– â– â– â– â– â– â– â– â–                                                 |  40% of 2.3 MiB
smoke	Run pnpm install --frozen-lockfile	2025-11-11T17:20:40.0397298Z .../@playwright/browser-chromium install: |â– â– â– â– â– â– â– â– â– â– â– â– â– â– â– â– â– â– â– â– â– â– â– â– â– â– â– â– â– â– â– â– â– â– â– â– â– â– â– â–                                         |  50% of 2.3 MiB
smoke	Run pnpm install --frozen-lockfile	2025-11-11T17:20:40.0444741Z .../@playwright/browser-chromium install: |â– â– â– â– â– â– â– â– â– â– â– â– â– â– â– â– â– â– â– â– â– â– â– â– â– â– â– â– â– â– â– â– â– â– â– â– â– â– â– â– â– â– â– â– â– â– â– â–                                 |  60% of 2.3 MiB
smoke	Run pnpm install --frozen-lockfile	2025-11-11T17:20:40.0487290Z .../@playwright/browser-chromium install: |â– â– â– â– â– â– â– â– â– â– â– â– â– â– â– â– â– â– â– â– â– â– â– â– â– â– â– â– â– â– â– â– â– â– â– â– â– â– â– â– â– â– â– â– â– â– â– â– â– â– â– â– â– â– â– â–                         |  70% of 2.3 MiB
smoke	Run pnpm install --frozen-lockfile	2025-11-11T17:20:40.0520273Z .../@playwright/browser-chromium install: |â– â– â– â– â– â– â– â– â– â– â– â– â– â– â– â– â– â– â– â– â– â– â– â– â– â– â– â– â– â– â– â– â– â– â– â– â– â– â– â– â– â– â– â– â– â– â– â– â– â– â– â– â– â– â– â– â– â– â– â– â– â– â– â–                 |  80% of 2.3 MiB
smoke	Run pnpm install --frozen-lockfile	2025-11-11T17:20:40.0552983Z .../@playwright/browser-chromium install: |â– â– â– â– â– â– â– â– â– â– â– â– â– â– â– â– â– â– â– â– â– â– â– â– â– â– â– â– â– â– â– â– â– â– â– â– â– â– â– â– â– â– â– â– â– â– â– â– â– â– â– â– â– â– â– â– â– â– â– â– â– â– â– â– â– â– â– â– â– â– â– â–         |  90% of 2.3 MiB
smoke	Run pnpm install --frozen-lockfile	2025-11-11T17:20:40.0583156Z .../@playwright/browser-chromium install: |â– â– â– â– â– â– â– â– â– â– â– â– â– â– â– â– â– â– â– â– â– â– â– â– â– â– â– â– â– â– â– â– â– â– â– â– â– â– â– â– â– â– â– â– â– â– â– â– â– â– â– â– â– â– â– â– â– â– â– â– â– â– â– â– â– â– â– â– â– â– â– â– â– â– â– â– â– â– â– â– | 100% of 2.3 MiB
smoke	Run pnpm install --frozen-lockfile	2025-11-11T17:20:40.1338131Z .../@playwright/browser-chromium install: FFMPEG playwright build v1011 downloaded to /home/runner/.cache/ms-playwright/ffmpeg-1011
smoke	Run pnpm install --frozen-lockfile	2025-11-11T17:20:40.1407092Z .../@playwright/browser-chromium install: Done
smoke	Run pnpm install --frozen-lockfile	2025-11-11T17:20:40.2785351Z 
smoke	Run pnpm install --frozen-lockfile	2025-11-11T17:20:40.2786031Z dependencies:
smoke	Run pnpm install --frozen-lockfile	2025-11-11T17:20:40.2786534Z + @anthropic-ai/sdk 0.68.0
smoke	Run pnpm install --frozen-lockfile	2025-11-11T17:20:40.2786959Z + @fastify/cors 10.1.0
smoke	Run pnpm install --frozen-lockfile	2025-11-11T17:20:40.2787393Z + @fastify/rate-limit 10.3.0
smoke	Run pnpm install --frozen-lockfile	2025-11-11T17:20:40.2787801Z + dotenv 17.2.3
smoke	Run pnpm install --frozen-lockfile	2025-11-11T17:20:40.2788134Z + fastify 5.6.1
smoke	Run pnpm install --frozen-lockfile	2025-11-11T17:20:40.2788507Z + fastify-plugin 5.1.0
smoke	Run pnpm install --frozen-lockfile	2025-11-11T17:20:40.2788962Z + hot-shots 11.2.0
smoke	Run pnpm install --frozen-lockfile	2025-11-11T17:20:40.2789324Z + openai 6.7.0
smoke	Run pnpm install --frozen-lockfile	2025-11-11T17:20:40.2789694Z + papaparse 5.5.3
smoke	Run pnpm install --frozen-lockfile	2025-11-11T17:20:40.2790071Z + pdf-parse 1.1.4
smoke	Run pnpm install --frozen-lockfile	2025-11-11T17:20:40.2790418Z + pino 9.14.0
smoke	Run pnpm install --frozen-lockfile	2025-11-11T17:20:40.2790738Z + undici 6.22.0
smoke	Run pnpm install --frozen-lockfile	2025-11-11T17:20:40.2791086Z + zod 3.25.76
smoke	Run pnpm install --frozen-lockfile	2025-11-11T17:20:40.2791269Z 
smoke	Run pnpm install --frozen-lockfile	2025-11-11T17:20:40.2791429Z devDependencies:
smoke	Run pnpm install --frozen-lockfile	2025-11-11T17:20:40.2792313Z + @apidevtools/swagger-cli 4.0.4
smoke	Run pnpm install --frozen-lockfile	2025-11-11T17:20:40.2792992Z + @types/node 20.19.24
smoke	Run pnpm install --frozen-lockfile	2025-11-11T17:20:40.2793411Z + @types/papaparse 5.3.16
smoke	Run pnpm install --frozen-lockfile	2025-11-11T17:20:40.2793827Z + @types/pdf-parse 1.1.5
smoke	Run pnpm install --frozen-lockfile	2025-11-11T17:20:40.2794363Z + @typescript-eslint/eslint-plugin 7.18.0
smoke	Run pnpm install --frozen-lockfile	2025-11-11T17:20:40.2794963Z + @typescript-eslint/parser 7.18.0
smoke	Run pnpm install --frozen-lockfile	2025-11-11T17:20:40.2795454Z + artillery 2.0.26
smoke	Run pnpm install --frozen-lockfile	2025-11-11T17:20:40.2795810Z + eslint 8.57.1
smoke	Run pnpm install --frozen-lockfile	2025-11-11T17:20:40.2796208Z + openapi-typescript 7.10.1
smoke	Run pnpm install --frozen-lockfile	2025-11-11T17:20:40.2796613Z + prettier 3.6.2
smoke	Run pnpm install --frozen-lockfile	2025-11-11T17:20:40.2796943Z + tsx 4.20.6
smoke	Run pnpm install --frozen-lockfile	2025-11-11T17:20:40.2797291Z + typescript 5.9.3
smoke	Run pnpm install --frozen-lockfile	2025-11-11T17:20:40.2797628Z + vitest 1.6.1
smoke	Run pnpm install --frozen-lockfile	2025-11-11T17:20:40.2797815Z 
smoke	Run pnpm install --frozen-lockfile	2025-11-11T17:20:40.3220681Z Done in 17.9s using pnpm v9.15.9
smoke	Run smoke tests	ï»¿2025-11-11T17:20:40.3489801Z ##[group]Run node qa-smoke.mjs
smoke	Run smoke tests	2025-11-11T17:20:40.3490111Z [36;1mnode qa-smoke.mjs[0m
smoke	Run smoke tests	2025-11-11T17:20:40.3522730Z shell: /usr/bin/bash -e {0}
smoke	Run smoke tests	2025-11-11T17:20:40.3522974Z env:
smoke	Run smoke tests	2025-11-11T17:20:40.3523207Z   PNPM_HOME: /home/runner/setup-pnpm/node_modules/.bin
smoke	Run smoke tests	2025-11-11T17:20:40.3523597Z   BASE_URL: https://olumi-assistants-service.onrender.com
smoke	Run smoke tests	2025-11-11T17:20:40.3524405Z   ASSIST_API_KEY: ***
smoke	Run smoke tests	2025-11-11T17:20:40.3524623Z ##[endgroup]
smoke	Run smoke tests	2025-11-11T17:20:40.3886004Z BASE_URL=https://olumi-assistants-service.onrender.com  ASSIST_API_KEY=****â€¦3//kI=
smoke	Run smoke tests	2025-11-11T17:20:40.9396279Z SMOKE FAILED: version mismatch
smoke	Run smoke tests	2025-11-11T17:20:40.9955495Z ##[error]Process completed with exit code 1.
smoke	Post Run pnpm/action-setup@v3	ï»¿2025-11-11T17:20:41.0010309Z Post job cleanup.
smoke	Post Run pnpm/action-setup@v3	2025-11-11T17:20:41.0859679Z Pruning is unnecessary.
smoke	Post Run actions/checkout@v4	ï»¿2025-11-11T17:20:41.0967173Z Post job cleanup.
smoke	Post Run actions/checkout@v4	2025-11-11T17:20:41.1918172Z [command]/usr/bin/git version
smoke	Post Run actions/checkout@v4	2025-11-11T17:20:41.1955266Z git version 2.51.2
smoke	Post Run actions/checkout@v4	2025-11-11T17:20:41.2000556Z Temporarily overriding HOME='/home/runner/work/_temp/6d8b5e6e-5e8d-4c6a-b28c-d64d434bb2b0' before making global git config changes
smoke	Post Run actions/checkout@v4	2025-11-11T17:20:41.2002083Z Adding repository directory to the temporary git global config as a safe directory
smoke	Post Run actions/checkout@v4	2025-11-11T17:20:41.2007608Z [command]/usr/bin/git config --global --add safe.directory /home/runner/work/olumi-assistants-service/olumi-assistants-service
smoke	Post Run actions/checkout@v4	2025-11-11T17:20:41.2051841Z [command]/usr/bin/git config --local --name-only --get-regexp core\.sshCommand
smoke	Post Run actions/checkout@v4	2025-11-11T17:20:41.2087399Z [command]/usr/bin/git submodule foreach --recursive sh -c "git config --local --name-only --get-regexp 'core\.sshCommand' && git config --local --unset-all 'core.sshCommand' || :"
smoke	Post Run actions/checkout@v4	2025-11-11T17:20:41.2341094Z [command]/usr/bin/git config --local --name-only --get-regexp http\.https\:\/\/github\.com\/\.extraheader
smoke	Post Run actions/checkout@v4	2025-11-11T17:20:41.2364830Z http.https://github.com/.extraheader
smoke	Post Run actions/checkout@v4	2025-11-11T17:20:41.2377922Z [command]/usr/bin/git config --local --unset-all http.https://github.com/.extraheader
smoke	Post Run actions/checkout@v4	2025-11-11T17:20:41.2410891Z [command]/usr/bin/git submodule foreach --recursive sh -c "git config --local --name-only --get-regexp 'http\.https\:\/\/github\.com\/\.extraheader' && git config --local --unset-all 'http.https://github.com/.extraheader' || :"
smoke	Complete job	ï»¿2025-11-11T17:20:41.2761889Z Cleaning up orphan processes
