smoke	Set up job	ï»¿2025-11-11T10:49:02.0956430Z Current runner version: '2.329.0'
smoke	Set up job	2025-11-11T10:49:02.0989273Z ##[group]Runner Image Provisioner
smoke	Set up job	2025-11-11T10:49:02.0990641Z Hosted Compute Agent
smoke	Set up job	2025-11-11T10:49:02.0991520Z Version: 20251016.436
smoke	Set up job	2025-11-11T10:49:02.0992498Z Commit: 8ab8ac8bfd662a3739dab9fe09456aba92132568
smoke	Set up job	2025-11-11T10:49:02.0993712Z Build Date: 2025-10-15T20:44:12Z
smoke	Set up job	2025-11-11T10:49:02.0994696Z ##[endgroup]
smoke	Set up job	2025-11-11T10:49:02.0995530Z ##[group]Operating System
smoke	Set up job	2025-11-11T10:49:02.0996692Z Ubuntu
smoke	Set up job	2025-11-11T10:49:02.0997442Z 24.04.3
smoke	Set up job	2025-11-11T10:49:02.0998267Z LTS
smoke	Set up job	2025-11-11T10:49:02.0999060Z ##[endgroup]
smoke	Set up job	2025-11-11T10:49:02.0999843Z ##[group]Runner Image
smoke	Set up job	2025-11-11T10:49:02.1000770Z Image: ubuntu-24.04
smoke	Set up job	2025-11-11T10:49:02.1001640Z Version: 20251102.99.1
smoke	Set up job	2025-11-11T10:49:02.1003350Z Included Software: https://github.com/actions/runner-images/blob/ubuntu24/20251102.99/images/ubuntu/Ubuntu2404-Readme.md
smoke	Set up job	2025-11-11T10:49:02.1005853Z Image Release: https://github.com/actions/runner-images/releases/tag/ubuntu24%2F20251102.99
smoke	Set up job	2025-11-11T10:49:02.1007922Z ##[endgroup]
smoke	Set up job	2025-11-11T10:49:02.1009835Z ##[group]GITHUB_TOKEN Permissions
smoke	Set up job	2025-11-11T10:49:02.1012270Z Contents: read
smoke	Set up job	2025-11-11T10:49:02.1013148Z Metadata: read
smoke	Set up job	2025-11-11T10:49:02.1014043Z Packages: read
smoke	Set up job	2025-11-11T10:49:02.1014871Z ##[endgroup]
smoke	Set up job	2025-11-11T10:49:02.1017990Z Secret source: Actions
smoke	Set up job	2025-11-11T10:49:02.1019116Z Prepare workflow directory
smoke	Set up job	2025-11-11T10:49:02.1471737Z Prepare all required actions
smoke	Set up job	2025-11-11T10:49:02.1527679Z Getting action download info
smoke	Set up job	2025-11-11T10:49:02.5098690Z Download action repository 'actions/checkout@v4' (SHA:08eba0b27e820071cde6df949e0beb9ba4906955)
smoke	Set up job	2025-11-11T10:49:02.6308301Z Download action repository 'pnpm/action-setup@v3' (SHA:a3252b78c470c02df07e9d59298aecedc3ccdd6d)
smoke	Set up job	2025-11-11T10:49:02.8759958Z Download action repository 'actions/setup-node@v4' (SHA:49933ea5288caeca8642d1e84afbd3f7d6820020)
smoke	Set up job	2025-11-11T10:49:03.0503486Z Complete job name: smoke
smoke	Run actions/checkout@v4	ï»¿2025-11-11T10:49:03.1225618Z ##[group]Run actions/checkout@v4
smoke	Run actions/checkout@v4	2025-11-11T10:49:03.1226796Z with:
smoke	Run actions/checkout@v4	2025-11-11T10:49:03.1227316Z   repository: Talchain/olumi-assistants-service
smoke	Run actions/checkout@v4	2025-11-11T10:49:03.1228113Z   token: ***
smoke	Run actions/checkout@v4	2025-11-11T10:49:03.1228529Z   ssh-strict: true
smoke	Run actions/checkout@v4	2025-11-11T10:49:03.1228954Z   ssh-user: git
smoke	Run actions/checkout@v4	2025-11-11T10:49:03.1229388Z   persist-credentials: true
smoke	Run actions/checkout@v4	2025-11-11T10:49:03.1229884Z   clean: true
smoke	Run actions/checkout@v4	2025-11-11T10:49:03.1230321Z   sparse-checkout-cone-mode: true
smoke	Run actions/checkout@v4	2025-11-11T10:49:03.1230842Z   fetch-depth: 1
smoke	Run actions/checkout@v4	2025-11-11T10:49:03.1231264Z   fetch-tags: false
smoke	Run actions/checkout@v4	2025-11-11T10:49:03.1231722Z   show-progress: true
smoke	Run actions/checkout@v4	2025-11-11T10:49:03.1232173Z   lfs: false
smoke	Run actions/checkout@v4	2025-11-11T10:49:03.1232578Z   submodules: false
smoke	Run actions/checkout@v4	2025-11-11T10:49:03.1233017Z   set-safe-directory: true
smoke	Run actions/checkout@v4	2025-11-11T10:49:03.1233703Z ##[endgroup]
smoke	Run actions/checkout@v4	2025-11-11T10:49:03.2308009Z Syncing repository: Talchain/olumi-assistants-service
smoke	Run actions/checkout@v4	2025-11-11T10:49:03.2310320Z ##[group]Getting Git version info
smoke	Run actions/checkout@v4	2025-11-11T10:49:03.2311279Z Working directory is '/home/runner/work/olumi-assistants-service/olumi-assistants-service'
smoke	Run actions/checkout@v4	2025-11-11T10:49:03.2312604Z [command]/usr/bin/git version
smoke	Run actions/checkout@v4	2025-11-11T10:49:03.2390817Z git version 2.51.2
smoke	Run actions/checkout@v4	2025-11-11T10:49:03.2418019Z ##[endgroup]
smoke	Run actions/checkout@v4	2025-11-11T10:49:03.2433474Z Temporarily overriding HOME='/home/runner/work/_temp/049ba6f6-55b3-4bb6-a209-9ca3224c2e5d' before making global git config changes
smoke	Run actions/checkout@v4	2025-11-11T10:49:03.2434993Z Adding repository directory to the temporary git global config as a safe directory
smoke	Run actions/checkout@v4	2025-11-11T10:49:03.2448113Z [command]/usr/bin/git config --global --add safe.directory /home/runner/work/olumi-assistants-service/olumi-assistants-service
smoke	Run actions/checkout@v4	2025-11-11T10:49:03.2490442Z Deleting the contents of '/home/runner/work/olumi-assistants-service/olumi-assistants-service'
smoke	Run actions/checkout@v4	2025-11-11T10:49:03.2493814Z ##[group]Initializing the repository
smoke	Run actions/checkout@v4	2025-11-11T10:49:03.2499594Z [command]/usr/bin/git init /home/runner/work/olumi-assistants-service/olumi-assistants-service
smoke	Run actions/checkout@v4	2025-11-11T10:49:03.2623809Z hint: Using 'master' as the name for the initial branch. This default branch name
smoke	Run actions/checkout@v4	2025-11-11T10:49:03.2625180Z hint: is subject to change. To configure the initial branch name to use in all
smoke	Run actions/checkout@v4	2025-11-11T10:49:03.2627423Z hint: of your new repositories, which will suppress this warning, call:
smoke	Run actions/checkout@v4	2025-11-11T10:49:03.2628312Z hint:
smoke	Run actions/checkout@v4	2025-11-11T10:49:03.2629278Z hint: 	git config --global init.defaultBranch <name>
smoke	Run actions/checkout@v4	2025-11-11T10:49:03.2630817Z hint:
smoke	Run actions/checkout@v4	2025-11-11T10:49:03.2631949Z hint: Names commonly chosen instead of 'master' are 'main', 'trunk' and
smoke	Run actions/checkout@v4	2025-11-11T10:49:03.2633778Z hint: 'development'. The just-created branch can be renamed via this command:
smoke	Run actions/checkout@v4	2025-11-11T10:49:03.2635261Z hint:
smoke	Run actions/checkout@v4	2025-11-11T10:49:03.2636286Z hint: 	git branch -m <name>
smoke	Run actions/checkout@v4	2025-11-11T10:49:03.2637134Z hint:
smoke	Run actions/checkout@v4	2025-11-11T10:49:03.2638236Z hint: Disable this message with "git config set advice.defaultBranchName false"
smoke	Run actions/checkout@v4	2025-11-11T10:49:03.2640615Z Initialized empty Git repository in /home/runner/work/olumi-assistants-service/olumi-assistants-service/.git/
smoke	Run actions/checkout@v4	2025-11-11T10:49:03.2644517Z [command]/usr/bin/git remote add origin https://github.com/Talchain/olumi-assistants-service
smoke	Run actions/checkout@v4	2025-11-11T10:49:03.2680448Z ##[endgroup]
smoke	Run actions/checkout@v4	2025-11-11T10:49:03.2681856Z ##[group]Disabling automatic garbage collection
smoke	Run actions/checkout@v4	2025-11-11T10:49:03.2685336Z [command]/usr/bin/git config --local gc.auto 0
smoke	Run actions/checkout@v4	2025-11-11T10:49:03.2715168Z ##[endgroup]
smoke	Run actions/checkout@v4	2025-11-11T10:49:03.2716788Z ##[group]Setting up auth
smoke	Run actions/checkout@v4	2025-11-11T10:49:03.2723168Z [command]/usr/bin/git config --local --name-only --get-regexp core\.sshCommand
smoke	Run actions/checkout@v4	2025-11-11T10:49:03.2754233Z [command]/usr/bin/git submodule foreach --recursive sh -c "git config --local --name-only --get-regexp 'core\.sshCommand' && git config --local --unset-all 'core.sshCommand' || :"
smoke	Run actions/checkout@v4	2025-11-11T10:49:03.3105868Z [command]/usr/bin/git config --local --name-only --get-regexp http\.https\:\/\/github\.com\/\.extraheader
smoke	Run actions/checkout@v4	2025-11-11T10:49:03.3137965Z [command]/usr/bin/git submodule foreach --recursive sh -c "git config --local --name-only --get-regexp 'http\.https\:\/\/github\.com\/\.extraheader' && git config --local --unset-all 'http.https://github.com/.extraheader' || :"
smoke	Run actions/checkout@v4	2025-11-11T10:49:03.3358301Z [command]/usr/bin/git config --local http.https://github.com/.extraheader AUTHORIZATION: basic ***
smoke	Run actions/checkout@v4	2025-11-11T10:49:03.3402910Z ##[endgroup]
smoke	Run actions/checkout@v4	2025-11-11T10:49:03.3404425Z ##[group]Fetching the repository
smoke	Run actions/checkout@v4	2025-11-11T10:49:03.3413041Z [command]/usr/bin/git -c protocol.version=2 fetch --no-tags --prune --no-recurse-submodules --depth=1 origin +7885b6b4fb0b583291f549cb584a7935f30e4e47:refs/remotes/origin/main
smoke	Run actions/checkout@v4	2025-11-11T10:49:04.6428387Z From https://github.com/Talchain/olumi-assistants-service
smoke	Run actions/checkout@v4	2025-11-11T10:49:04.6430241Z  * [new ref]         7885b6b4fb0b583291f549cb584a7935f30e4e47 -> origin/main
smoke	Run actions/checkout@v4	2025-11-11T10:49:04.6468734Z ##[endgroup]
smoke	Run actions/checkout@v4	2025-11-11T10:49:04.6470928Z ##[group]Determining the checkout info
smoke	Run actions/checkout@v4	2025-11-11T10:49:04.6473267Z ##[endgroup]
smoke	Run actions/checkout@v4	2025-11-11T10:49:04.6475193Z [command]/usr/bin/git sparse-checkout disable
smoke	Run actions/checkout@v4	2025-11-11T10:49:04.6519470Z [command]/usr/bin/git config --local --unset-all extensions.worktreeConfig
smoke	Run actions/checkout@v4	2025-11-11T10:49:04.6551866Z ##[group]Checking out the ref
smoke	Run actions/checkout@v4	2025-11-11T10:49:04.6554452Z [command]/usr/bin/git checkout --progress --force -B main refs/remotes/origin/main
smoke	Run actions/checkout@v4	2025-11-11T10:49:05.4044521Z Switched to a new branch 'main'
smoke	Run actions/checkout@v4	2025-11-11T10:49:05.4046042Z branch 'main' set up to track 'origin/main'.
smoke	Run actions/checkout@v4	2025-11-11T10:49:05.4082590Z ##[endgroup]
smoke	Run actions/checkout@v4	2025-11-11T10:49:05.4121014Z [command]/usr/bin/git log -1 --format=%H
smoke	Run actions/checkout@v4	2025-11-11T10:49:05.4144577Z 7885b6b4fb0b583291f549cb584a7935f30e4e47
smoke	Run pnpm/action-setup@v3	ï»¿2025-11-11T10:49:05.4347100Z ##[group]Run pnpm/action-setup@v3
smoke	Run pnpm/action-setup@v3	2025-11-11T10:49:05.4347432Z with:
smoke	Run pnpm/action-setup@v3	2025-11-11T10:49:05.4347619Z   version: 9
smoke	Run pnpm/action-setup@v3	2025-11-11T10:49:05.4347809Z   dest: ~/setup-pnpm
smoke	Run pnpm/action-setup@v3	2025-11-11T10:49:05.4348015Z   run_install: null
smoke	Run pnpm/action-setup@v3	2025-11-11T10:49:05.4348235Z   package_json_file: package.json
smoke	Run pnpm/action-setup@v3	2025-11-11T10:49:05.4348472Z   standalone: false
smoke	Run pnpm/action-setup@v3	2025-11-11T10:49:05.4348664Z ##[endgroup]
smoke	Run pnpm/action-setup@v3	2025-11-11T10:49:05.5194352Z ##[group]Running self-installer...
smoke	Run pnpm/action-setup@v3	2025-11-11T10:49:06.0478561Z Progress: resolved 1, reused 0, downloaded 0, added 0
smoke	Run pnpm/action-setup@v3	2025-11-11T10:49:06.0602602Z Packages: +1
smoke	Run pnpm/action-setup@v3	2025-11-11T10:49:06.0605288Z +
smoke	Run pnpm/action-setup@v3	2025-11-11T10:49:06.4629810Z Progress: resolved 1, reused 0, downloaded 1, added 1, done
smoke	Run pnpm/action-setup@v3	2025-11-11T10:49:06.4950745Z 
smoke	Run pnpm/action-setup@v3	2025-11-11T10:49:06.4951247Z dependencies:
smoke	Run pnpm/action-setup@v3	2025-11-11T10:49:06.4951644Z + pnpm 9.15.9 (10.21.0 is available)
smoke	Run pnpm/action-setup@v3	2025-11-11T10:49:06.4951889Z 
smoke	Run pnpm/action-setup@v3	2025-11-11T10:49:06.4983549Z Done in 812ms
smoke	Run pnpm/action-setup@v3	2025-11-11T10:49:06.5165319Z ##[endgroup]
smoke	Run pnpm/action-setup@v3	2025-11-11T10:49:06.5169202Z Installation Completed!
smoke	Use Node 18	ï»¿2025-11-11T10:49:06.5309768Z ##[group]Run actions/setup-node@v4
smoke	Use Node 18	2025-11-11T10:49:06.5310066Z with:
smoke	Use Node 18	2025-11-11T10:49:06.5310250Z   node-version: 18
smoke	Use Node 18	2025-11-11T10:49:06.5310458Z   always-auth: false
smoke	Use Node 18	2025-11-11T10:49:06.5310694Z   check-latest: false
smoke	Use Node 18	2025-11-11T10:49:06.5311078Z   token: ***
smoke	Use Node 18	2025-11-11T10:49:06.5311273Z env:
smoke	Use Node 18	2025-11-11T10:49:06.5311538Z   PNPM_HOME: /home/runner/setup-pnpm/node_modules/.bin
smoke	Use Node 18	2025-11-11T10:49:06.5311832Z ##[endgroup]
smoke	Use Node 18	2025-11-11T10:49:06.7110235Z Attempting to download 18...
smoke	Use Node 18	2025-11-11T10:49:07.0476018Z Acquiring 18.20.8 - x64 from https://github.com/actions/node-versions/releases/download/18.20.8-14110393767/node-18.20.8-linux-x64.tar.gz
smoke	Use Node 18	2025-11-11T10:49:07.3855271Z Extracting ...
smoke	Use Node 18	2025-11-11T10:49:07.3956025Z [command]/usr/bin/tar xz --strip 1 --warning=no-unknown-keyword --overwrite -C /home/runner/work/_temp/1b0a5d7e-c348-497e-bfb0-493a212be172 -f /home/runner/work/_temp/26dcae67-cf6d-48bd-97eb-f5a833d3aa84
smoke	Use Node 18	2025-11-11T10:49:08.3274894Z Adding to the cache ...
smoke	Use Node 18	2025-11-11T10:49:09.8827593Z ##[group]Environment details
smoke	Use Node 18	2025-11-11T10:49:10.1214423Z node: v18.20.8
smoke	Use Node 18	2025-11-11T10:49:10.1214833Z npm: 10.8.2
smoke	Use Node 18	2025-11-11T10:49:10.1215257Z yarn: 1.22.22
smoke	Use Node 18	2025-11-11T10:49:10.1216042Z ##[endgroup]
smoke	Run pnpm install --frozen-lockfile	ï»¿2025-11-11T10:49:10.1432566Z ##[group]Run pnpm install --frozen-lockfile
smoke	Run pnpm install --frozen-lockfile	2025-11-11T10:49:10.1432975Z [36;1mpnpm install --frozen-lockfile[0m
smoke	Run pnpm install --frozen-lockfile	2025-11-11T10:49:10.1470168Z shell: /usr/bin/bash -e {0}
smoke	Run pnpm install --frozen-lockfile	2025-11-11T10:49:10.1470428Z env:
smoke	Run pnpm install --frozen-lockfile	2025-11-11T10:49:10.1470671Z   PNPM_HOME: /home/runner/setup-pnpm/node_modules/.bin
smoke	Run pnpm install --frozen-lockfile	2025-11-11T10:49:10.1470961Z ##[endgroup]
smoke	Run pnpm install --frozen-lockfile	2025-11-11T10:49:10.6406393Z Recreating /home/runner/work/olumi-assistants-service/olumi-assistants-service/node_modules
smoke	Run pnpm install --frozen-lockfile	2025-11-11T10:49:10.8997252Z Lockfile is up to date, resolution step is skipped
smoke	Run pnpm install --frozen-lockfile	2025-11-11T10:49:10.9752426Z Progress: resolved 1, reused 0, downloaded 0, added 0
smoke	Run pnpm install --frozen-lockfile	2025-11-11T10:49:11.1315338Z Packages: +879
smoke	Run pnpm install --frozen-lockfile	2025-11-11T10:49:11.1316733Z ++++++++++++++++++++++++++++++++++++++++++++++++++++++++++++++++++++++++++++++++
smoke	Run pnpm install --frozen-lockfile	2025-11-11T10:49:11.9764828Z Progress: resolved 879, reused 0, downloaded 70, added 62
smoke	Run pnpm install --frozen-lockfile	2025-11-11T10:49:12.9776632Z Progress: resolved 879, reused 0, downloaded 326, added 323
smoke	Run pnpm install --frozen-lockfile	2025-11-11T10:49:13.9777639Z Progress: resolved 879, reused 0, downloaded 470, added 458
smoke	Run pnpm install --frozen-lockfile	2025-11-11T10:49:14.9777434Z Progress: resolved 879, reused 0, downloaded 621, added 614
smoke	Run pnpm install --frozen-lockfile	2025-11-11T10:49:15.8812137Z Progress: resolved 879, reused 0, downloaded 876, added 879, done
smoke	Run pnpm install --frozen-lockfile	2025-11-11T10:49:16.1767994Z .../node_modules/protobufjs postinstall$ node scripts/postinstall
smoke	Run pnpm install --frozen-lockfile	2025-11-11T10:49:16.1774727Z .../node_modules/unix-dgram install$ node-gyp rebuild
smoke	Run pnpm install --frozen-lockfile	2025-11-11T10:49:16.1998758Z .../@playwright/browser-chromium install$ node install.js
smoke	Run pnpm install --frozen-lockfile	2025-11-11T10:49:16.2112889Z .../esbuild@0.25.11/node_modules/esbuild postinstall$ node install.js
smoke	Run pnpm install --frozen-lockfile	2025-11-11T10:49:16.2156984Z .../esbuild@0.21.5/node_modules/esbuild postinstall$ node install.js
smoke	Run pnpm install --frozen-lockfile	2025-11-11T10:49:16.2284279Z .../node_modules/protobufjs postinstall: Done
smoke	Run pnpm install --frozen-lockfile	2025-11-11T10:49:16.2698556Z .../node_modules/unix-dgram install: gyp info it worked if it ends with ok
smoke	Run pnpm install --frozen-lockfile	2025-11-11T10:49:16.2702991Z .../node_modules/unix-dgram install: gyp info using node-gyp@10.3.1
smoke	Run pnpm install --frozen-lockfile	2025-11-11T10:49:16.2768413Z .../node_modules/unix-dgram install: gyp info using node@18.20.8 | linux | x64
smoke	Run pnpm install --frozen-lockfile	2025-11-11T10:49:16.2924296Z .../esbuild@0.25.11/node_modules/esbuild postinstall: Done
smoke	Run pnpm install --frozen-lockfile	2025-11-11T10:49:16.3415091Z .../esbuild@0.21.5/node_modules/esbuild postinstall: Done
smoke	Run pnpm install --frozen-lockfile	2025-11-11T10:49:16.4343501Z .../node_modules/unix-dgram install: gyp info find Python using Python version 3.12.3 found at "/usr/bin/python3"
smoke	Run pnpm install --frozen-lockfile	2025-11-11T10:49:16.5537865Z .../node_modules/unix-dgram install: gyp http GET https://nodejs.org/download/release/v18.20.8/node-v18.20.8-headers.tar.gz
smoke	Run pnpm install --frozen-lockfile	2025-11-11T10:49:16.6439710Z .../@playwright/browser-chromium install: Downloading Chromium 140.0.7339.16 (playwright build v1187) from https://cdn.playwright.dev/dbazure/download/playwright/builds/chromium/1187/chromium-linux.zip
smoke	Run pnpm install --frozen-lockfile	2025-11-11T10:49:16.6586514Z .../node_modules/unix-dgram install: gyp http 200 https://nodejs.org/download/release/v18.20.8/node-v18.20.8-headers.tar.gz
smoke	Run pnpm install --frozen-lockfile	2025-11-11T10:49:16.9237768Z .../@playwright/browser-chromium install: |                                                                                |   0% of 173.7 MiB
smoke	Run pnpm install --frozen-lockfile	2025-11-11T10:49:17.1473655Z .../@playwright/browser-chromium install: |â– â– â– â– â– â– â– â–                                                                         |  10% of 173.7 MiB
smoke	Run pnpm install --frozen-lockfile	2025-11-11T10:49:17.4669838Z .../@playwright/browser-chromium install: |â– â– â– â– â– â– â– â– â– â– â– â– â– â– â– â–                                                                 |  20% of 173.7 MiB
smoke	Run pnpm install --frozen-lockfile	2025-11-11T10:49:17.6396904Z .../@playwright/browser-chromium install: |â– â– â– â– â– â– â– â– â– â– â– â– â– â– â– â– â– â– â– â– â– â– â– â–                                                         |  30% of 173.7 MiB
smoke	Run pnpm install --frozen-lockfile	2025-11-11T10:49:17.9191450Z .../@playwright/browser-chromium install: |â– â– â– â– â– â– â– â– â– â– â– â– â– â– â– â– â– â– â– â– â– â– â– â– â– â– â– â– â– â– â– â–                                                 |  40% of 173.7 MiB
smoke	Run pnpm install --frozen-lockfile	2025-11-11T10:49:18.2601400Z .../@playwright/browser-chromium install: |â– â– â– â– â– â– â– â– â– â– â– â– â– â– â– â– â– â– â– â– â– â– â– â– â– â– â– â– â– â– â– â– â– â– â– â– â– â– â– â–                                         |  50% of 173.7 MiB
smoke	Run pnpm install --frozen-lockfile	2025-11-11T10:49:18.2947797Z .../node_modules/unix-dgram install: gyp http GET https://nodejs.org/download/release/v18.20.8/SHASUMS256.txt
smoke	Run pnpm install --frozen-lockfile	2025-11-11T10:49:18.3302640Z .../node_modules/unix-dgram install: gyp http 200 https://nodejs.org/download/release/v18.20.8/SHASUMS256.txt
smoke	Run pnpm install --frozen-lockfile	2025-11-11T10:49:18.3395342Z .../node_modules/unix-dgram install: gyp info spawn /usr/bin/python3
smoke	Run pnpm install --frozen-lockfile	2025-11-11T10:49:18.3457054Z .../node_modules/unix-dgram install: gyp info spawn args [
smoke	Run pnpm install --frozen-lockfile	2025-11-11T10:49:18.3458787Z .../node_modules/unix-dgram install: gyp info spawn args '/home/runner/setup-pnpm/node_modules/.pnpm/pnpm@9.15.9/node_modules/pnpm/dist/node_modules/node-gyp/gyp/gyp_main.py',
smoke	Run pnpm install --frozen-lockfile	2025-11-11T10:49:18.3460310Z .../node_modules/unix-dgram install: gyp info spawn args 'binding.gyp',
smoke	Run pnpm install --frozen-lockfile	2025-11-11T10:49:18.3461205Z .../node_modules/unix-dgram install: gyp info spawn args '-f',
smoke	Run pnpm install --frozen-lockfile	2025-11-11T10:49:18.3462007Z .../node_modules/unix-dgram install: gyp info spawn args 'make',
smoke	Run pnpm install --frozen-lockfile	2025-11-11T10:49:18.3462790Z .../node_modules/unix-dgram install: gyp info spawn args '-I',
smoke	Run pnpm install --frozen-lockfile	2025-11-11T10:49:18.3464674Z .../node_modules/unix-dgram install: gyp info spawn args '/home/runner/work/olumi-assistants-service/olumi-assistants-service/node_modules/.pnpm/unix-dgram@2.0.7/node_modules/unix-dgram/build/config.gypi',
smoke	Run pnpm install --frozen-lockfile	2025-11-11T10:49:18.3466459Z .../node_modules/unix-dgram install: gyp info spawn args '-I',
smoke	Run pnpm install --frozen-lockfile	2025-11-11T10:49:18.3468024Z .../node_modules/unix-dgram install: gyp info spawn args '/home/runner/setup-pnpm/node_modules/.pnpm/pnpm@9.15.9/node_modules/pnpm/dist/node_modules/node-gyp/addon.gypi',
smoke	Run pnpm install --frozen-lockfile	2025-11-11T10:49:18.3469373Z .../node_modules/unix-dgram install: gyp info spawn args '-I',
smoke	Run pnpm install --frozen-lockfile	2025-11-11T10:49:18.3473985Z .../node_modules/unix-dgram install: gyp info spawn args '/home/runner/.cache/node-gyp/18.20.8/include/node/common.gypi',
smoke	Run pnpm install --frozen-lockfile	2025-11-11T10:49:18.3475384Z .../node_modules/unix-dgram install: gyp info spawn args '-Dlibrary=shared_library',
smoke	Run pnpm install --frozen-lockfile	2025-11-11T10:49:18.3476657Z .../node_modules/unix-dgram install: gyp info spawn args '-Dvisibility=default',
smoke	Run pnpm install --frozen-lockfile	2025-11-11T10:49:18.3478004Z .../node_modules/unix-dgram install: gyp info spawn args '-Dnode_root_dir=/home/runner/.cache/node-gyp/18.20.8',
smoke	Run pnpm install --frozen-lockfile	2025-11-11T10:49:18.3479975Z .../node_modules/unix-dgram install: gyp info spawn args '-Dnode_gyp_dir=/home/runner/setup-pnpm/node_modules/.pnpm/pnpm@9.15.9/node_modules/pnpm/dist/node_modules/node-gyp',
smoke	Run pnpm install --frozen-lockfile	2025-11-11T10:49:18.3481961Z .../node_modules/unix-dgram install: gyp info spawn args '-Dnode_lib_file=/home/runner/.cache/node-gyp/18.20.8/<(target_arch)/node.lib',
smoke	Run pnpm install --frozen-lockfile	2025-11-11T10:49:18.3484322Z .../node_modules/unix-dgram install: gyp info spawn args '-Dmodule_root_dir=/home/runner/work/olumi-assistants-service/olumi-assistants-service/node_modules/.pnpm/unix-dgram@2.0.7/node_modules/unix-dgram',
smoke	Run pnpm install --frozen-lockfile	2025-11-11T10:49:18.3522139Z .../node_modules/unix-dgram install: gyp info spawn args '-Dnode_engine=v8',
smoke	Run pnpm install --frozen-lockfile	2025-11-11T10:49:18.3523111Z .../node_modules/unix-dgram install: gyp info spawn args '--depth=.',
smoke	Run pnpm install --frozen-lockfile	2025-11-11T10:49:18.3524033Z .../node_modules/unix-dgram install: gyp info spawn args '--no-parallel',
smoke	Run pnpm install --frozen-lockfile	2025-11-11T10:49:18.3524988Z .../node_modules/unix-dgram install: gyp info spawn args '--generator-output',
smoke	Run pnpm install --frozen-lockfile	2025-11-11T10:49:18.3531676Z .../node_modules/unix-dgram install: gyp info spawn args 'build',
smoke	Run pnpm install --frozen-lockfile	2025-11-11T10:49:18.3532685Z .../node_modules/unix-dgram install: gyp info spawn args '-Goutput_dir=.'
smoke	Run pnpm install --frozen-lockfile	2025-11-11T10:49:18.3533511Z .../node_modules/unix-dgram install: gyp info spawn args ]
smoke	Run pnpm install --frozen-lockfile	2025-11-11T10:49:18.5187658Z .../@playwright/browser-chromium install: |â– â– â– â– â– â– â– â– â– â– â– â– â– â– â– â– â– â– â– â– â– â– â– â– â– â– â– â– â– â– â– â– â– â– â– â– â– â– â– â– â– â– â– â– â– â– â– â–                                 |  60% of 173.7 MiB
smoke	Run pnpm install --frozen-lockfile	2025-11-11T10:49:18.5188904Z .../node_modules/unix-dgram install: gyp info spawn make
smoke	Run pnpm install --frozen-lockfile	2025-11-11T10:49:18.5190178Z .../node_modules/unix-dgram install: gyp info spawn args [ 'BUILDTYPE=Release', '-C', 'build' ]
smoke	Run pnpm install --frozen-lockfile	2025-11-11T10:49:18.5211877Z .../node_modules/unix-dgram install: make: Entering directory '/home/runner/work/olumi-assistants-service/olumi-assistants-service/node_modules/.pnpm/unix-dgram@2.0.7/node_modules/unix-dgram/build'
smoke	Run pnpm install --frozen-lockfile	2025-11-11T10:49:18.5231695Z .../node_modules/unix-dgram install:   CXX(target) Release/obj.target/unix_dgram/src/unix_dgram.o
smoke	Run pnpm install --frozen-lockfile	2025-11-11T10:49:19.0412476Z .../@playwright/browser-chromium install: |â– â– â– â– â– â– â– â– â– â– â– â– â– â– â– â– â– â– â– â– â– â– â– â– â– â– â– â– â– â– â– â– â– â– â– â– â– â– â– â– â– â– â– â– â– â– â– â– â– â– â– â– â– â– â– â–                         |  70% of 173.7 MiB
smoke	Run pnpm install --frozen-lockfile	2025-11-11T10:49:19.3278286Z .../@playwright/browser-chromium install: |â– â– â– â– â– â– â– â– â– â– â– â– â– â– â– â– â– â– â– â– â– â– â– â– â– â– â– â– â– â– â– â– â– â– â– â– â– â– â– â– â– â– â– â– â– â– â– â– â– â– â– â– â– â– â– â– â– â– â– â– â– â– â– â–                 |  80% of 173.7 MiB
smoke	Run pnpm install --frozen-lockfile	2025-11-11T10:49:19.4754329Z .../@playwright/browser-chromium install: |â– â– â– â– â– â– â– â– â– â– â– â– â– â– â– â– â– â– â– â– â– â– â– â– â– â– â– â– â– â– â– â– â– â– â– â– â– â– â– â– â– â– â– â– â– â– â– â– â– â– â– â– â– â– â– â– â– â– â– â– â– â– â– â– â– â– â– â– â– â– â– â–         |  90% of 173.7 MiB
smoke	Run pnpm install --frozen-lockfile	2025-11-11T10:49:19.6293457Z .../@playwright/browser-chromium install: |â– â– â– â– â– â– â– â– â– â– â– â– â– â– â– â– â– â– â– â– â– â– â– â– â– â– â– â– â– â– â– â– â– â– â– â– â– â– â– â– â– â– â– â– â– â– â– â– â– â– â– â– â– â– â– â– â– â– â– â– â– â– â– â– â– â– â– â– â– â– â– â– â– â– â– â– â– â– â– â– | 100% of 173.7 MiB
smoke	Run pnpm install --frozen-lockfile	2025-11-11T10:49:19.6301516Z .../node_modules/unix-dgram install: In file included from ../../../../nan@2.23.0/node_modules/nan/nan.h:62,
smoke	Run pnpm install --frozen-lockfile	2025-11-11T10:49:19.6302751Z .../node_modules/unix-dgram install:                  from ../src/unix_dgram.cc:5:
smoke	Run pnpm install --frozen-lockfile	2025-11-11T10:49:19.6306811Z .../node_modules/unix-dgram install: /home/runner/.cache/node-gyp/18.20.8/include/node/node.h:1014:7: warning: cast between incompatible function types from â€˜void (*)(v8::Local<v8::Object>)â€™ to â€˜node::addon_register_funcâ€™ {aka â€˜void (*)(v8::Local<v8::Object>, v8::Local<v8::Value>, void*)â€™} [-Wcast-function-type]
smoke	Run pnpm install --frozen-lockfile	2025-11-11T10:49:19.6309322Z .../node_modules/unix-dgram install:  1014 |       (node::addon_register_func) (regfunc),                          \
smoke	Run pnpm install --frozen-lockfile	2025-11-11T10:49:19.6310452Z .../node_modules/unix-dgram install:       |       ^~~~~~~~~~~~~~~~~~~~~~~~~~~~~~~~~~~~~
smoke	Run pnpm install --frozen-lockfile	2025-11-11T10:49:19.6312191Z .../node_modules/unix-dgram install: /home/runner/.cache/node-gyp/18.20.8/include/node/node.h:1048:3: note: in expansion of macro â€˜NODE_MODULE_Xâ€™
smoke	Run pnpm install --frozen-lockfile	2025-11-11T10:49:19.6313819Z .../node_modules/unix-dgram install:  1048 |   NODE_MODULE_X(modname, regfunc, NULL, 0)  // NOLINT (readability/null_usage)
smoke	Run pnpm install --frozen-lockfile	2025-11-11T10:49:19.6314855Z .../node_modules/unix-dgram install:       |   ^~~~~~~~~~~~~
smoke	Run pnpm install --frozen-lockfile	2025-11-11T10:49:19.6316221Z .../node_modules/unix-dgram install: ../src/unix_dgram.cc:404:1: note: in expansion of macro â€˜NODE_MODULEâ€™
smoke	Run pnpm install --frozen-lockfile	2025-11-11T10:49:19.6317356Z .../node_modules/unix-dgram install:   404 | NODE_MODULE(unix_dgram, Initialize)
smoke	Run pnpm install --frozen-lockfile	2025-11-11T10:49:19.6318168Z .../node_modules/unix-dgram install:       | ^~~~~~~~~~~
smoke	Run pnpm install --frozen-lockfile	2025-11-11T10:49:20.4989793Z .../node_modules/unix-dgram install:   SOLINK_MODULE(target) Release/obj.target/unix_dgram.node
smoke	Run pnpm install --frozen-lockfile	2025-11-11T10:49:20.5673102Z .../node_modules/unix-dgram install:   COPY Release/unix_dgram.node
smoke	Run pnpm install --frozen-lockfile	2025-11-11T10:49:20.5712646Z .../node_modules/unix-dgram install: make: Leaving directory '/home/runner/work/olumi-assistants-service/olumi-assistants-service/node_modules/.pnpm/unix-dgram@2.0.7/node_modules/unix-dgram/build'
smoke	Run pnpm install --frozen-lockfile	2025-11-11T10:49:20.5729328Z .../node_modules/unix-dgram install: gyp info ok 
smoke	Run pnpm install --frozen-lockfile	2025-11-11T10:49:20.5911803Z .../node_modules/unix-dgram install: Done
smoke	Run pnpm install --frozen-lockfile	2025-11-11T10:49:23.9214054Z .../@playwright/browser-chromium install: Chromium 140.0.7339.16 (playwright build v1187) downloaded to /home/runner/.cache/ms-playwright/chromium-1187
smoke	Run pnpm install --frozen-lockfile	2025-11-11T10:49:23.9217110Z .../@playwright/browser-chromium install: Downloading Chromium Headless Shell 140.0.7339.16 (playwright build v1187) from https://cdn.playwright.dev/dbazure/download/playwright/builds/chromium/1187/chromium-headless-shell-linux.zip
smoke	Run pnpm install --frozen-lockfile	2025-11-11T10:49:24.1190516Z .../@playwright/browser-chromium install: |                                                                                |   0% of 104.3 MiB
smoke	Run pnpm install --frozen-lockfile	2025-11-11T10:49:24.4269272Z .../@playwright/browser-chromium install: |â– â– â– â– â– â– â– â–                                                                         |  10% of 104.3 MiB
smoke	Run pnpm install --frozen-lockfile	2025-11-11T10:49:24.6062087Z .../@playwright/browser-chromium install: |â– â– â– â– â– â– â– â– â– â– â– â– â– â– â– â–                                                                 |  20% of 104.3 MiB
smoke	Run pnpm install --frozen-lockfile	2025-11-11T10:49:24.8262307Z .../@playwright/browser-chromium install: |â– â– â– â– â– â– â– â– â– â– â– â– â– â– â– â– â– â– â– â– â– â– â– â–                                                         |  30% of 104.3 MiB
smoke	Run pnpm install --frozen-lockfile	2025-11-11T10:49:25.1781534Z .../@playwright/browser-chromium install: |â– â– â– â– â– â– â– â– â– â– â– â– â– â– â– â– â– â– â– â– â– â– â– â– â– â– â– â– â– â– â– â–                                                 |  40% of 104.3 MiB
smoke	Run pnpm install --frozen-lockfile	2025-11-11T10:49:25.5227807Z .../@playwright/browser-chromium install: |â– â– â– â– â– â– â– â– â– â– â– â– â– â– â– â– â– â– â– â– â– â– â– â– â– â– â– â– â– â– â– â– â– â– â– â– â– â– â– â–                                         |  50% of 104.3 MiB
smoke	Run pnpm install --frozen-lockfile	2025-11-11T10:49:25.6057849Z .../@playwright/browser-chromium install: |â– â– â– â– â– â– â– â– â– â– â– â– â– â– â– â– â– â– â– â– â– â– â– â– â– â– â– â– â– â– â– â– â– â– â– â– â– â– â– â– â– â– â– â– â– â– â– â–                                 |  60% of 104.3 MiB
smoke	Run pnpm install --frozen-lockfile	2025-11-11T10:49:25.7218909Z .../@playwright/browser-chromium install: |â– â– â– â– â– â– â– â– â– â– â– â– â– â– â– â– â– â– â– â– â– â– â– â– â– â– â– â– â– â– â– â– â– â– â– â– â– â– â– â– â– â– â– â– â– â– â– â– â– â– â– â– â– â– â– â–                         |  70% of 104.3 MiB
smoke	Run pnpm install --frozen-lockfile	2025-11-11T10:49:25.9520734Z .../@playwright/browser-chromium install: |â– â– â– â– â– â– â– â– â– â– â– â– â– â– â– â– â– â– â– â– â– â– â– â– â– â– â– â– â– â– â– â– â– â– â– â– â– â– â– â– â– â– â– â– â– â– â– â– â– â– â– â– â– â– â– â– â– â– â– â– â– â– â– â–                 |  80% of 104.3 MiB
smoke	Run pnpm install --frozen-lockfile	2025-11-11T10:49:26.0672315Z .../@playwright/browser-chromium install: |â– â– â– â– â– â– â– â– â– â– â– â– â– â– â– â– â– â– â– â– â– â– â– â– â– â– â– â– â– â– â– â– â– â– â– â– â– â– â– â– â– â– â– â– â– â– â– â– â– â– â– â– â– â– â– â– â– â– â– â– â– â– â– â– â– â– â– â– â– â– â– â–         |  90% of 104.3 MiB
smoke	Run pnpm install --frozen-lockfile	2025-11-11T10:49:26.1412016Z .../@playwright/browser-chromium install: |â– â– â– â– â– â– â– â– â– â– â– â– â– â– â– â– â– â– â– â– â– â– â– â– â– â– â– â– â– â– â– â– â– â– â– â– â– â– â– â– â– â– â– â– â– â– â– â– â– â– â– â– â– â– â– â– â– â– â– â– â– â– â– â– â– â– â– â– â– â– â– â– â– â– â– â– â– â– â– â– | 100% of 104.3 MiB
smoke	Run pnpm install --frozen-lockfile	2025-11-11T10:49:28.2582105Z .../@playwright/browser-chromium install: Chromium Headless Shell 140.0.7339.16 (playwright build v1187) downloaded to /home/runner/.cache/ms-playwright/chromium_headless_shell-1187
smoke	Run pnpm install --frozen-lockfile	2025-11-11T10:49:28.2587373Z .../@playwright/browser-chromium install: Downloading FFMPEG playwright build v1011 from https://cdn.playwright.dev/dbazure/download/playwright/builds/ffmpeg/1011/ffmpeg-linux.zip
smoke	Run pnpm install --frozen-lockfile	2025-11-11T10:49:28.4652854Z .../@playwright/browser-chromium install: |                                                                                |   0% of 2.3 MiB
smoke	Run pnpm install --frozen-lockfile	2025-11-11T10:49:28.4799951Z .../@playwright/browser-chromium install: |â– â– â– â– â– â– â– â–                                                                         |  10% of 2.3 MiB
smoke	Run pnpm install --frozen-lockfile	2025-11-11T10:49:28.4844290Z .../@playwright/browser-chromium install: |â– â– â– â– â– â– â– â– â– â– â– â– â– â– â– â–                                                                 |  20% of 2.3 MiB
smoke	Run pnpm install --frozen-lockfile	2025-11-11T10:49:28.4870079Z .../@playwright/browser-chromium install: |â– â– â– â– â– â– â– â– â– â– â– â– â– â– â– â– â– â– â– â– â– â– â– â–                                                         |  30% of 2.3 MiB
smoke	Run pnpm install --frozen-lockfile	2025-11-11T10:49:28.4890214Z .../@playwright/browser-chromium install: |â– â– â– â– â– â– â– â– â– â– â– â– â– â– â– â– â– â– â– â– â– â– â– â– â– â– â– â– â– â– â– â–                                                 |  40% of 2.3 MiB
smoke	Run pnpm install --frozen-lockfile	2025-11-11T10:49:28.4913620Z .../@playwright/browser-chromium install: |â– â– â– â– â– â– â– â– â– â– â– â– â– â– â– â– â– â– â– â– â– â– â– â– â– â– â– â– â– â– â– â– â– â– â– â– â– â– â– â–                                         |  50% of 2.3 MiB
smoke	Run pnpm install --frozen-lockfile	2025-11-11T10:49:28.4935565Z .../@playwright/browser-chromium install: |â– â– â– â– â– â– â– â– â– â– â– â– â– â– â– â– â– â– â– â– â– â– â– â– â– â– â– â– â– â– â– â– â– â– â– â– â– â– â– â– â– â– â– â– â– â– â– â–                                 |  60% of 2.3 MiB
smoke	Run pnpm install --frozen-lockfile	2025-11-11T10:49:28.4958840Z .../@playwright/browser-chromium install: |â– â– â– â– â– â– â– â– â– â– â– â– â– â– â– â– â– â– â– â– â– â– â– â– â– â– â– â– â– â– â– â– â– â– â– â– â– â– â– â– â– â– â– â– â– â– â– â– â– â– â– â– â– â– â– â–                         |  70% of 2.3 MiB
smoke	Run pnpm install --frozen-lockfile	2025-11-11T10:49:28.4981453Z .../@playwright/browser-chromium install: |â– â– â– â– â– â– â– â– â– â– â– â– â– â– â– â– â– â– â– â– â– â– â– â– â– â– â– â– â– â– â– â– â– â– â– â– â– â– â– â– â– â– â– â– â– â– â– â– â– â– â– â– â– â– â– â– â– â– â– â– â– â– â– â–                 |  80% of 2.3 MiB
smoke	Run pnpm install --frozen-lockfile	2025-11-11T10:49:28.5006426Z .../@playwright/browser-chromium install: |â– â– â– â– â– â– â– â– â– â– â– â– â– â– â– â– â– â– â– â– â– â– â– â– â– â– â– â– â– â– â– â– â– â– â– â– â– â– â– â– â– â– â– â– â– â– â– â– â– â– â– â– â– â– â– â– â– â– â– â– â– â– â– â– â– â– â– â– â– â– â– â–         |  90% of 2.3 MiB
smoke	Run pnpm install --frozen-lockfile	2025-11-11T10:49:28.5024663Z .../@playwright/browser-chromium install: |â– â– â– â– â– â– â– â– â– â– â– â– â– â– â– â– â– â– â– â– â– â– â– â– â– â– â– â– â– â– â– â– â– â– â– â– â– â– â– â– â– â– â– â– â– â– â– â– â– â– â– â– â– â– â– â– â– â– â– â– â– â– â– â– â– â– â– â– â– â– â– â– â– â– â– â– â– â– â– â– | 100% of 2.3 MiB
smoke	Run pnpm install --frozen-lockfile	2025-11-11T10:49:28.5695509Z .../@playwright/browser-chromium install: FFMPEG playwright build v1011 downloaded to /home/runner/.cache/ms-playwright/ffmpeg-1011
smoke	Run pnpm install --frozen-lockfile	2025-11-11T10:49:28.5770599Z .../@playwright/browser-chromium install: Done
smoke	Run pnpm install --frozen-lockfile	2025-11-11T10:49:28.6893611Z 
smoke	Run pnpm install --frozen-lockfile	2025-11-11T10:49:28.6894279Z dependencies:
smoke	Run pnpm install --frozen-lockfile	2025-11-11T10:49:28.6894764Z + @anthropic-ai/sdk 0.68.0
smoke	Run pnpm install --frozen-lockfile	2025-11-11T10:49:28.6895210Z + @fastify/cors 10.1.0
smoke	Run pnpm install --frozen-lockfile	2025-11-11T10:49:28.6895845Z + @fastify/rate-limit 10.3.0
smoke	Run pnpm install --frozen-lockfile	2025-11-11T10:49:28.6896259Z + dotenv 17.2.3
smoke	Run pnpm install --frozen-lockfile	2025-11-11T10:49:28.6896607Z + fastify 5.6.1
smoke	Run pnpm install --frozen-lockfile	2025-11-11T10:49:28.6896988Z + fastify-plugin 5.1.0
smoke	Run pnpm install --frozen-lockfile	2025-11-11T10:49:28.6897370Z + hot-shots 11.2.0
smoke	Run pnpm install --frozen-lockfile	2025-11-11T10:49:28.6897758Z + openai 6.7.0
smoke	Run pnpm install --frozen-lockfile	2025-11-11T10:49:28.6898113Z + papaparse 5.5.3
smoke	Run pnpm install --frozen-lockfile	2025-11-11T10:49:28.6898490Z + pdf-parse 1.1.4
smoke	Run pnpm install --frozen-lockfile	2025-11-11T10:49:28.6898830Z + pino 9.14.0
smoke	Run pnpm install --frozen-lockfile	2025-11-11T10:49:28.6899163Z + undici 6.22.0
smoke	Run pnpm install --frozen-lockfile	2025-11-11T10:49:28.6899498Z + zod 3.25.76
smoke	Run pnpm install --frozen-lockfile	2025-11-11T10:49:28.6899682Z 
smoke	Run pnpm install --frozen-lockfile	2025-11-11T10:49:28.6899775Z devDependencies:
smoke	Run pnpm install --frozen-lockfile	2025-11-11T10:49:28.6900196Z + @apidevtools/swagger-cli 4.0.4
smoke	Run pnpm install --frozen-lockfile	2025-11-11T10:49:28.6900656Z + @types/node 20.19.24
smoke	Run pnpm install --frozen-lockfile	2025-11-11T10:49:28.6901378Z + @types/papaparse 5.3.16
smoke	Run pnpm install --frozen-lockfile	2025-11-11T10:49:28.6901829Z + @types/pdf-parse 1.1.5
smoke	Run pnpm install --frozen-lockfile	2025-11-11T10:49:28.6902386Z + @typescript-eslint/eslint-plugin 7.18.0
smoke	Run pnpm install --frozen-lockfile	2025-11-11T10:49:28.6902997Z + @typescript-eslint/parser 7.18.0
smoke	Run pnpm install --frozen-lockfile	2025-11-11T10:49:28.6903489Z + artillery 2.0.26
smoke	Run pnpm install --frozen-lockfile	2025-11-11T10:49:28.6903852Z + eslint 8.57.1
smoke	Run pnpm install --frozen-lockfile	2025-11-11T10:49:28.6904251Z + openapi-typescript 7.10.1
smoke	Run pnpm install --frozen-lockfile	2025-11-11T10:49:28.6904649Z + prettier 3.6.2
smoke	Run pnpm install --frozen-lockfile	2025-11-11T10:49:28.6904985Z + tsx 4.20.6
smoke	Run pnpm install --frozen-lockfile	2025-11-11T10:49:28.6905324Z + typescript 5.9.3
smoke	Run pnpm install --frozen-lockfile	2025-11-11T10:49:28.6905879Z + vitest 1.6.1
smoke	Run pnpm install --frozen-lockfile	2025-11-11T10:49:28.6906102Z 
smoke	Run pnpm install --frozen-lockfile	2025-11-11T10:49:28.7262741Z Done in 18.5s using pnpm v9.15.9
smoke	Run smoke tests	ï»¿2025-11-11T10:49:28.7602566Z ##[group]Run node qa-smoke.mjs
smoke	Run smoke tests	2025-11-11T10:49:28.7602881Z [36;1mnode qa-smoke.mjs[0m
smoke	Run smoke tests	2025-11-11T10:49:28.7637804Z shell: /usr/bin/bash -e {0}
smoke	Run smoke tests	2025-11-11T10:49:28.7638058Z env:
smoke	Run smoke tests	2025-11-11T10:49:28.7638298Z   PNPM_HOME: /home/runner/setup-pnpm/node_modules/.bin
smoke	Run smoke tests	2025-11-11T10:49:28.7638679Z   BASE_URL: https://olumi-assistants-service.onrender.com
smoke	Run smoke tests	2025-11-11T10:49:28.7639353Z   ASSIST_API_KEY: ***
smoke	Run smoke tests	2025-11-11T10:49:28.7639566Z ##[endgroup]
smoke	Run smoke tests	2025-11-11T10:49:28.7997906Z BASE_URL=https://olumi-assistants-service.onrender.com  ASSIST_API_KEY=****â€¦3//kI=
smoke	Run smoke tests	2025-11-11T10:49:29.0333553Z ACCEPT A1: /healthz 200 and version=1.3.0
smoke	Run smoke tests	2025-11-11T10:49:29.1527428Z ACCEPT A2: /assist/draft-graph unauthenticated â†’ 401/403
smoke	Run smoke tests	2025-11-11T10:49:53.2696423Z ACCEPT A3: /assist/draft-graph authenticated â†’ 200 with small graph (â‰¥3 nodes, â‰¥2 edges)
smoke	Run smoke tests	2025-11-11T10:50:18.1593608Z ACCEPT A4: /assist/draft-graph/stream emits DRAFTINGâ†’COMPLETE within 60s
smoke	Run smoke tests	2025-11-11T10:50:18.3528496Z ACCEPT A5: feature_flags grounding/critique/clarifier are true
smoke	Post Use Node 18	ï»¿2025-11-11T10:50:18.3630719Z Post job cleanup.
smoke	Post Run pnpm/action-setup@v3	ï»¿2025-11-11T10:50:18.5303404Z Post job cleanup.
smoke	Post Run pnpm/action-setup@v3	2025-11-11T10:50:18.6143855Z Pruning is unnecessary.
smoke	Post Run actions/checkout@v4	ï»¿2025-11-11T10:50:18.6251661Z Post job cleanup.
smoke	Post Run actions/checkout@v4	2025-11-11T10:50:18.7192032Z [command]/usr/bin/git version
smoke	Post Run actions/checkout@v4	2025-11-11T10:50:18.7228988Z git version 2.51.2
smoke	Post Run actions/checkout@v4	2025-11-11T10:50:18.7271569Z Temporarily overriding HOME='/home/runner/work/_temp/52744d13-353c-4394-8397-2b71751a7518' before making global git config changes
smoke	Post Run actions/checkout@v4	2025-11-11T10:50:18.7272704Z Adding repository directory to the temporary git global config as a safe directory
smoke	Post Run actions/checkout@v4	2025-11-11T10:50:18.7285408Z [command]/usr/bin/git config --global --add safe.directory /home/runner/work/olumi-assistants-service/olumi-assistants-service
smoke	Post Run actions/checkout@v4	2025-11-11T10:50:18.7320739Z [command]/usr/bin/git config --local --name-only --get-regexp core\.sshCommand
smoke	Post Run actions/checkout@v4	2025-11-11T10:50:18.7352954Z [command]/usr/bin/git submodule foreach --recursive sh -c "git config --local --name-only --get-regexp 'core\.sshCommand' && git config --local --unset-all 'core.sshCommand' || :"
smoke	Post Run actions/checkout@v4	2025-11-11T10:50:18.7590222Z [command]/usr/bin/git config --local --name-only --get-regexp http\.https\:\/\/github\.com\/\.extraheader
smoke	Post Run actions/checkout@v4	2025-11-11T10:50:18.7610593Z http.https://github.com/.extraheader
smoke	Post Run actions/checkout@v4	2025-11-11T10:50:18.7622947Z [command]/usr/bin/git config --local --unset-all http.https://github.com/.extraheader
smoke	Post Run actions/checkout@v4	2025-11-11T10:50:18.7652032Z [command]/usr/bin/git submodule foreach --recursive sh -c "git config --local --name-only --get-regexp 'http\.https\:\/\/github\.com\/\.extraheader' && git config --local --unset-all 'http.https://github.com/.extraheader' || :"
smoke	Complete job	ï»¿2025-11-11T10:50:18.8001544Z Cleaning up orphan processes
